Archive member included to satisfy reference by file (symbol)

/home/robert/gcc-arm-none-eabi-10.3-2021.07/bin/../lib/gcc/arm-none-eabi/10.3.1/../../../../arm-none-eabi/lib/thumb/v6-m/nofp/libc_nano.a(lib_a-errno.o)
                              build/syscalls.o (__errno)
/home/robert/gcc-arm-none-eabi-10.3-2021.07/bin/../lib/gcc/arm-none-eabi/10.3.1/../../../../arm-none-eabi/lib/thumb/v6-m/nofp/libc_nano.a(lib_a-exit.o)
                              /home/robert/gcc-arm-none-eabi-10.3-2021.07/bin/../lib/gcc/arm-none-eabi/10.3.1/../../../../arm-none-eabi/lib/thumb/v6-m/nofp/crt0.o (exit)
/home/robert/gcc-arm-none-eabi-10.3-2021.07/bin/../lib/gcc/arm-none-eabi/10.3.1/../../../../arm-none-eabi/lib/thumb/v6-m/nofp/libc_nano.a(lib_a-impure.o)
                              /home/robert/gcc-arm-none-eabi-10.3-2021.07/bin/../lib/gcc/arm-none-eabi/10.3.1/../../../../arm-none-eabi/lib/thumb/v6-m/nofp/libc_nano.a(lib_a-exit.o) (_global_impure_ptr)
/home/robert/gcc-arm-none-eabi-10.3-2021.07/bin/../lib/gcc/arm-none-eabi/10.3.1/../../../../arm-none-eabi/lib/thumb/v6-m/nofp/libc_nano.a(lib_a-init.o)
                              /home/robert/gcc-arm-none-eabi-10.3-2021.07/bin/../lib/gcc/arm-none-eabi/10.3.1/../../../../arm-none-eabi/lib/thumb/v6-m/nofp/crt0.o (__libc_init_array)
/home/robert/gcc-arm-none-eabi-10.3-2021.07/bin/../lib/gcc/arm-none-eabi/10.3.1/../../../../arm-none-eabi/lib/thumb/v6-m/nofp/libc_nano.a(lib_a-memset.o)
                              /home/robert/gcc-arm-none-eabi-10.3-2021.07/bin/../lib/gcc/arm-none-eabi/10.3.1/../../../../arm-none-eabi/lib/thumb/v6-m/nofp/crt0.o (memset)
/home/robert/gcc-arm-none-eabi-10.3-2021.07/bin/../lib/gcc/arm-none-eabi/10.3.1/../../../../arm-none-eabi/lib/thumb/v6-m/nofp/libc_nano.a(lib_a-printf.o)
                              build/main.o (printf)
/home/robert/gcc-arm-none-eabi-10.3-2021.07/bin/../lib/gcc/arm-none-eabi/10.3.1/../../../../arm-none-eabi/lib/thumb/v6-m/nofp/libc_nano.a(lib_a-setvbuf.o)
                              build/syscalls.o (setvbuf)
/home/robert/gcc-arm-none-eabi-10.3-2021.07/bin/../lib/gcc/arm-none-eabi/10.3.1/../../../../arm-none-eabi/lib/thumb/v6-m/nofp/libc_nano.a(lib_a-fflush.o)
                              /home/robert/gcc-arm-none-eabi-10.3-2021.07/bin/../lib/gcc/arm-none-eabi/10.3.1/../../../../arm-none-eabi/lib/thumb/v6-m/nofp/libc_nano.a(lib_a-setvbuf.o) (_fflush_r)
/home/robert/gcc-arm-none-eabi-10.3-2021.07/bin/../lib/gcc/arm-none-eabi/10.3.1/../../../../arm-none-eabi/lib/thumb/v6-m/nofp/libc_nano.a(lib_a-findfp.o)
                              /home/robert/gcc-arm-none-eabi-10.3-2021.07/bin/../lib/gcc/arm-none-eabi/10.3.1/../../../../arm-none-eabi/lib/thumb/v6-m/nofp/libc_nano.a(lib_a-printf.o) (__sinit)
/home/robert/gcc-arm-none-eabi-10.3-2021.07/bin/../lib/gcc/arm-none-eabi/10.3.1/../../../../arm-none-eabi/lib/thumb/v6-m/nofp/libc_nano.a(lib_a-fwalk.o)
                              /home/robert/gcc-arm-none-eabi-10.3-2021.07/bin/../lib/gcc/arm-none-eabi/10.3.1/../../../../arm-none-eabi/lib/thumb/v6-m/nofp/libc_nano.a(lib_a-findfp.o) (_fwalk)
/home/robert/gcc-arm-none-eabi-10.3-2021.07/bin/../lib/gcc/arm-none-eabi/10.3.1/../../../../arm-none-eabi/lib/thumb/v6-m/nofp/libc_nano.a(lib_a-lock.o)
                              /home/robert/gcc-arm-none-eabi-10.3-2021.07/bin/../lib/gcc/arm-none-eabi/10.3.1/../../../../arm-none-eabi/lib/thumb/v6-m/nofp/libc_nano.a(lib_a-findfp.o) (__retarget_lock_init_recursive)
/home/robert/gcc-arm-none-eabi-10.3-2021.07/bin/../lib/gcc/arm-none-eabi/10.3.1/../../../../arm-none-eabi/lib/thumb/v6-m/nofp/libc_nano.a(lib_a-makebuf.o)
                              /home/robert/gcc-arm-none-eabi-10.3-2021.07/bin/../lib/gcc/arm-none-eabi/10.3.1/../../../../arm-none-eabi/lib/thumb/v6-m/nofp/libc_nano.a(lib_a-setvbuf.o) (__swhatbuf_r)
/home/robert/gcc-arm-none-eabi-10.3-2021.07/bin/../lib/gcc/arm-none-eabi/10.3.1/../../../../arm-none-eabi/lib/thumb/v6-m/nofp/libc_nano.a(lib_a-malloc.o)
                              /home/robert/gcc-arm-none-eabi-10.3-2021.07/bin/../lib/gcc/arm-none-eabi/10.3.1/../../../../arm-none-eabi/lib/thumb/v6-m/nofp/libc_nano.a(lib_a-setvbuf.o) (malloc)
/home/robert/gcc-arm-none-eabi-10.3-2021.07/bin/../lib/gcc/arm-none-eabi/10.3.1/../../../../arm-none-eabi/lib/thumb/v6-m/nofp/libc_nano.a(lib_a-nano-freer.o)
                              /home/robert/gcc-arm-none-eabi-10.3-2021.07/bin/../lib/gcc/arm-none-eabi/10.3.1/../../../../arm-none-eabi/lib/thumb/v6-m/nofp/libc_nano.a(lib_a-setvbuf.o) (_free_r)
/home/robert/gcc-arm-none-eabi-10.3-2021.07/bin/../lib/gcc/arm-none-eabi/10.3.1/../../../../arm-none-eabi/lib/thumb/v6-m/nofp/libc_nano.a(lib_a-nano-mallocr.o)
                              /home/robert/gcc-arm-none-eabi-10.3-2021.07/bin/../lib/gcc/arm-none-eabi/10.3.1/../../../../arm-none-eabi/lib/thumb/v6-m/nofp/libc_nano.a(lib_a-findfp.o) (_malloc_r)
[...]
Memory Configuration

Name             Origin             Length             Attributes
RAM              0x0000000020000000 0x0000000000002000 xrw
FLASH            0x0000000008000000 0x0000000000008000 xr
*default*        0x0000000000000000 0xffffffffffffffff

Linker script and memory map

LOAD /home/robert/gcc-arm-none-eabi-10.3-2021.07/bin/../lib/gcc/arm-none-eabi/10.3.1/thumb/v6-m/nofp/crti.o
LOAD /home/robert/gcc-arm-none-eabi-10.3-2021.07/bin/../lib/gcc/arm-none-eabi/10.3.1/thumb/v6-m/nofp/crtbegin.o
LOAD /home/robert/gcc-arm-none-eabi-10.3-2021.07/bin/../lib/gcc/arm-none-eabi/10.3.1/../../../../arm-none-eabi/lib/thumb/v6-m/nofp/crt0.o
LOAD build/main.o
LOAD build/stm32g0xx_it.o
LOAD build/stm32g0xx_hal_msp.o
LOAD build/syscalls.o
LOAD build/stm32g0xx_hal_adc.o
LOAD build/stm32g0xx_hal_adc_ex.o
LOAD build/stm32g0xx_ll_adc.o
LOAD build/stm32g0xx_hal_rcc.o
LOAD build/stm32g0xx_hal_rcc_ex.o
LOAD build/stm32g0xx_ll_rcc.o
LOAD build/stm32g0xx_hal_flash.o
LOAD build/stm32g0xx_hal_flash_ex.o
LOAD build/stm32g0xx_hal_gpio.o
LOAD build/stm32g0xx_hal_dma.o
LOAD build/stm32g0xx_hal_dma_ex.o
LOAD build/stm32g0xx_ll_dma.o
LOAD build/stm32g0xx_hal_pwr.o
LOAD build/stm32g0xx_hal_pwr_ex.o
LOAD build/stm32g0xx_hal_cortex.o
LOAD build/stm32g0xx_hal.o
LOAD build/stm32g0xx_hal_exti.o
LOAD build/stm32g0xx_hal_spi.o
LOAD build/stm32g0xx_hal_spi_ex.o
LOAD build/stm32g0xx_hal_tim.o
LOAD build/stm32g0xx_hal_tim_ex.o
LOAD build/stm32g0xx_hal_uart.o
LOAD build/stm32g0xx_hal_uart_ex.o
LOAD build/system_stm32g0xx.o
LOAD build/startup_stm32g030xx.o
LOAD /home/robert/gcc-arm-none-eabi-10.3-2021.07/bin/../lib/gcc/arm-none-eabi/10.3.1/../../../../arm-none-eabi/lib/thumb/v6-m/nofp/libnosys.a
LOAD /home/robert/gcc-arm-none-eabi-10.3-2021.07/bin/../lib/gcc/arm-none-eabi/10.3.1/../../../../arm-none-eabi/lib/thumb/v6-m/nofp/libstdc++_nano.a
LOAD /home/robert/gcc-arm-none-eabi-10.3-2021.07/bin/../lib/gcc/arm-none-eabi/10.3.1/../../../../arm-none-eabi/lib/thumb/v6-m/nofp/libm.a
LOAD /home/robert/gcc-arm-none-eabi-10.3-2021.07/bin/../lib/gcc/arm-none-eabi/10.3.1/../../../../arm-none-eabi/lib/thumb/v6-m/nofp/libc_nano.a
START GROUP
LOAD /home/robert/gcc-arm-none-eabi-10.3-2021.07/bin/../lib/gcc/arm-none-eabi/10.3.1/thumb/v6-m/nofp/libgcc.a
LOAD /home/robert/gcc-arm-none-eabi-10.3-2021.07/bin/../lib/gcc/arm-none-eabi/10.3.1/../../../../arm-none-eabi/lib/thumb/v6-m/nofp/libc_nano.a
END GROUP
START GROUP
LOAD /home/robert/gcc-arm-none-eabi-10.3-2021.07/bin/../lib/gcc/arm-none-eabi/10.3.1/thumb/v6-m/nofp/libgcc.a
LOAD /home/robert/gcc-arm-none-eabi-10.3-2021.07/bin/../lib/gcc/arm-none-eabi/10.3.1/../../../../arm-none-eabi/lib/thumb/v6-m/nofp/libc_nano.a
END GROUP
LOAD /home/robert/gcc-arm-none-eabi-10.3-2021.07/bin/../lib/gcc/arm-none-eabi/10.3.1/thumb/v6-m/nofp/crtend.o
LOAD /home/robert/gcc-arm-none-eabi-10.3-2021.07/bin/../lib/gcc/arm-none-eabi/10.3.1/thumb/v6-m/nofp/crtn.o
                0x0000000020002000                _estack = 0x20002000
                0x0000000000000200                _Min_Heap_Size = 0x200
                0x0000000000000400                _Min_Stack_Size = 0x400

.isr_vector     0x0000000008000000       0xb8
                0x0000000008000000                . = ALIGN (0x4)
 *(.isr_vector)
 .isr_vector    0x0000000008000000       0xb8 build/startup_stm32g030xx.o
                0x0000000008000000                g_pfnVectors
                0x00000000080000b8                . = ALIGN (0x4)

.text           0x00000000080000b8     0x5478
                0x00000000080000b8                . = ALIGN (0x4)
 *(.text)
 .text          0x00000000080000b8       0x48 /home/robert/gcc-arm-none-eabi-10.3-2021.07/bin/../lib/gcc/arm-none-eabi/10.3.1/thumb/v6-m/nofp/crtbegin.o
 .text          0x0000000008000100       0x14 /home/robert/gcc-arm-none-eabi-10.3-2021.07/bin/../lib/gcc/arm-none-eabi/10.3.1/thumb/v6-m/nofp/libgcc.a(_thumb1_case_shi.o)
                0x0000000008000100                __gnu_thumb1_case_shi
 .text          0x0000000008000114      0x114 /home/robert/gcc-arm-none-eabi-10.3-2021.07/bin/../lib/gcc/arm-none-eabi/10.3.1/thumb/v6-m/nofp/libgcc.a(_udivsi3.o)
                0x0000000008000114                __udivsi3
                0x0000000008000114                __aeabi_uidiv
                0x0000000008000220                __aeabi_uidivmod
 .text          0x0000000008000228        0x4 /home/robert/gcc-arm-none-eabi-10.3-2021.07/bin/../lib/gcc/arm-none-eabi/10.3.1/thumb/v6-m/nofp/libgcc.a(_dvmd_tls.o)
                0x0000000008000228                __aeabi_ldiv0
                0x0000000008000228                __aeabi_idiv0
 .text          0x000000000800022c      0x33c /home/robert/gcc-arm-none-eabi-10.3-2021.07/bin/../lib/gcc/arm-none-eabi/10.3.1/thumb/v6-m/nofp/libgcc.a(addsf3.o)
                0x000000000800022c                __aeabi_fadd
 .text          0x0000000008000568      0x24c /home/robert/gcc-arm-none-eabi-10.3-2021.07/bin/../lib/gcc/arm-none-eabi/10.3.1/thumb/v6-m/nofp/libgcc.a(mulsf3.o)
                0x0000000008000568                __aeabi_fmul
 .text          0x00000000080007b4      0x35c /home/robert/gcc-arm-none-eabi-10.3-2021.07/bin/../lib/gcc/arm-none-eabi/10.3.1/thumb/v6-m/nofp/libgcc.a(subsf3.o)
                0x00000000080007b4                __aeabi_fsub
 .text          0x0000000008000b10       0x40 /home/robert/gcc-arm-none-eabi-10.3-2021.07/bin/../lib/gcc/arm-none-eabi/10.3.1/thumb/v6-m/nofp/libgcc.a(fixsfsi.o)
                0x0000000008000b10                __aeabi_f2iz
 .text          0x0000000008000b50       0x9c /home/robert/gcc-arm-none-eabi-10.3-2021.07/bin/../lib/gcc/arm-none-eabi/10.3.1/thumb/v6-m/nofp/libgcc.a(floatsisf.o)
                0x0000000008000b50                __aeabi_i2f
 .text          0x0000000008000bec       0x3c /home/robert/gcc-arm-none-eabi-10.3-2021.07/bin/../lib/gcc/arm-none-eabi/10.3.1/thumb/v6-m/nofp/libgcc.a(_clzsi2.o)
                0x0000000008000bec                __clzsi2
 *(.text*)
 .text._ZL12MX_GPIO_Initv
                0x0000000008000c28       0x9c build/main.o
 .text.Error_Handler
                0x0000000008000cc4        0x4 build/main.o
                0x0000000008000cc4                Error_Handler
 .text._ZL12MX_ADC1_Initv
                0x0000000008000cc8       0x7c build/main.o
 .text._ZL12MX_SPI1_Initv
                0x0000000008000d44       0x54 build/main.o
 .text._ZL12MX_SPI2_Initv
                0x0000000008000d98       0x40 build/main.o
 .text._ZL12MX_TIM1_Initv
                0x0000000008000dd8      0x134 build/main.o
 .text._ZL19MX_USART2_UART_Initv
                0x0000000008000f0c       0x3c build/main.o
 .text._Z18SystemClock_Configv
                0x0000000008000f48       0x82 build/main.o
                0x0000000008000f48                SystemClock_Config()
 *fill*         0x0000000008000fca        0x2 
 .text.main     0x0000000008000fcc      0x1d0 build/main.o
                0x0000000008000fcc                main
 .text.NMI_Handler
                0x000000000800119c        0x2 build/stm32g0xx_it.o
                0x000000000800119c                NMI_Handler
 .text.HardFault_Handler
                0x000000000800119e        0x2 build/stm32g0xx_it.o
                0x000000000800119e                HardFault_Handler
 .text.SVC_Handler
                0x00000000080011a0        0x2 build/stm32g0xx_it.o
                0x00000000080011a0                SVC_Handler
 .text.PendSV_Handler
                0x00000000080011a2        0x2 build/stm32g0xx_it.o
                0x00000000080011a2                PendSV_Handler
 .text.SysTick_Handler
                0x00000000080011a4        0x8 build/stm32g0xx_it.o
                0x00000000080011a4                SysTick_Handler
 .text.ADC1_IRQHandler
                0x00000000080011ac       0x10 build/stm32g0xx_it.o
                0x00000000080011ac                ADC1_IRQHandler
 .text.TIM1_BRK_UP_TRG_COM_IRQHandler
                0x00000000080011bc       0x10 build/stm32g0xx_it.o
                0x00000000080011bc                TIM1_BRK_UP_TRG_COM_IRQHandler
 .text.TIM1_CC_IRQHandler
                0x00000000080011cc       0x10 build/stm32g0xx_it.o
                0x00000000080011cc                TIM1_CC_IRQHandler
 .text.SPI1_IRQHandler
                0x00000000080011dc       0x10 build/stm32g0xx_it.o
                0x00000000080011dc                SPI1_IRQHandler
 .text.SPI2_IRQHandler
                0x00000000080011ec       0x10 build/stm32g0xx_it.o
                0x00000000080011ec                SPI2_IRQHandler
 .text.HAL_MspInit
                0x00000000080011fc       0x30 build/stm32g0xx_hal_msp.o
                0x00000000080011fc                HAL_MspInit
 .text.HAL_ADC_MspInit
                0x000000000800122c       0x6c build/stm32g0xx_hal_msp.o
                0x000000000800122c                HAL_ADC_MspInit
 .text.HAL_SPI_MspInit
                0x0000000008001298      0x11c build/stm32g0xx_hal_msp.o
                0x0000000008001298                HAL_SPI_MspInit
 .text.HAL_TIM_Base_MspInit
                0x00000000080013b4       0x80 build/stm32g0xx_hal_msp.o
                0x00000000080013b4                HAL_TIM_Base_MspInit
 .text.HAL_TIM_MspPostInit
                0x0000000008001434       0x50 build/stm32g0xx_hal_msp.o
                0x0000000008001434                HAL_TIM_MspPostInit
 .text.HAL_UART_MspInit
                0x0000000008001484       0x60 build/stm32g0xx_hal_msp.o
                0x0000000008001484                HAL_UART_MspInit
 .text.RetargetInit
                0x00000000080014e4       0x20 build/syscalls.o
                0x00000000080014e4                RetargetInit
 .text._isatty  0x0000000008001504       0x16 build/syscalls.o
                0x0000000008001504                _isatty
 *fill*         0x000000000800151a        0x2 
 .text._write   0x000000000800151c       0x38 build/syscalls.o
                0x000000000800151c                _write
 .text._close   0x0000000008001554       0x18 build/syscalls.o
                0x0000000008001554                _close
 .text._lseek   0x000000000800156c       0x10 build/syscalls.o
                0x000000000800156c                _lseek
 .text._read    0x000000000800157c       0x34 build/syscalls.o
                0x000000000800157c                _read
 .text._fstat   0x00000000080015b0       0x1a build/syscalls.o
                0x00000000080015b0                _fstat
 *fill*         0x00000000080015ca        0x2 
 .text._sbrk    0x00000000080015cc       0x44 build/syscalls.o
                0x00000000080015cc                _sbrk
 .text.HAL_ADC_Init
                0x0000000008001610      0x284 build/stm32g0xx_hal_adc.o
                0x0000000008001610                HAL_ADC_Init
 .text.HAL_ADC_ConvCpltCallback
                0x0000000008001894        0x2 build/stm32g0xx_hal_adc.o
                0x0000000008001894                HAL_ADC_ConvCpltCallback
 .text.HAL_ADC_LevelOutOfWindowCallback
                0x0000000008001896        0x2 build/stm32g0xx_hal_adc.o
                0x0000000008001896                HAL_ADC_LevelOutOfWindowCallback
 .text.HAL_ADC_ErrorCallback
                0x0000000008001898        0x2 build/stm32g0xx_hal_adc.o
                0x0000000008001898                HAL_ADC_ErrorCallback
 *fill*         0x000000000800189a        0x2 
 .text.HAL_ADC_IRQHandler
                0x000000000800189c      0x158 build/stm32g0xx_hal_adc.o
                0x000000000800189c                HAL_ADC_IRQHandler
 .text.HAL_ADC_ConfigChannel
                0x00000000080019f4      0x2a0 build/stm32g0xx_hal_adc.o
                0x00000000080019f4                HAL_ADC_ConfigChannel
 .text.HAL_ADCEx_LevelOutOfWindow2Callback
                0x0000000008001c94        0x2 build/stm32g0xx_hal_adc_ex.o
                0x0000000008001c94                HAL_ADCEx_LevelOutOfWindow2Callback
 .text.HAL_ADCEx_LevelOutOfWindow3Callback
                0x0000000008001c96        0x2 build/stm32g0xx_hal_adc_ex.o
                0x0000000008001c96                HAL_ADCEx_LevelOutOfWindow3Callback
 .text.HAL_ADCEx_EndOfSamplingCallback
                0x0000000008001c98        0x2 build/stm32g0xx_hal_adc_ex.o
                0x0000000008001c98                HAL_ADCEx_EndOfSamplingCallback
 .text.HAL_ADCEx_ChannelConfigReadyCallback
                0x0000000008001c9a        0x2 build/stm32g0xx_hal_adc_ex.o
                0x0000000008001c9a                HAL_ADCEx_ChannelConfigReadyCallback
 .text.HAL_RCC_OscConfig
                0x0000000008001c9c      0x4ac build/stm32g0xx_hal_rcc.o
                0x0000000008001c9c                HAL_RCC_OscConfig
 .text.HAL_RCC_GetSysClockFreq
                0x0000000008002148       0xb8 build/stm32g0xx_hal_rcc.o
                0x0000000008002148                HAL_RCC_GetSysClockFreq
 .text.HAL_RCC_ClockConfig
                0x0000000008002200      0x18c build/stm32g0xx_hal_rcc.o
                0x0000000008002200                HAL_RCC_ClockConfig
 .text.HAL_RCC_GetHCLKFreq
                0x000000000800238c        0xc build/stm32g0xx_hal_rcc.o
                0x000000000800238c                HAL_RCC_GetHCLKFreq
 .text.HAL_RCC_GetPCLK1Freq
                0x0000000008002398       0x28 build/stm32g0xx_hal_rcc.o
                0x0000000008002398                HAL_RCC_GetPCLK1Freq
 .text.HAL_RCCEx_PeriphCLKConfig
                0x00000000080023c0      0x17c build/stm32g0xx_hal_rcc_ex.o
                0x00000000080023c0                HAL_RCCEx_PeriphCLKConfig
 .text.HAL_GPIO_Init
                0x000000000800253c      0x178 build/stm32g0xx_hal_gpio.o
                0x000000000800253c                HAL_GPIO_Init
 .text.HAL_GPIO_WritePin
                0x00000000080026b4        0xc build/stm32g0xx_hal_gpio.o
                0x00000000080026b4                HAL_GPIO_WritePin
 .text.HAL_GPIO_TogglePin
                0x00000000080026c0       0x10 build/stm32g0xx_hal_gpio.o
                0x00000000080026c0                HAL_GPIO_TogglePin
 .text.HAL_DMA_Abort_IT
                0x00000000080026d0       0x80 build/stm32g0xx_hal_dma.o
                0x00000000080026d0                HAL_DMA_Abort_IT
 .text.HAL_PWREx_ControlVoltageScaling
                0x0000000008002750       0x54 build/stm32g0xx_hal_pwr_ex.o
                0x0000000008002750                HAL_PWREx_ControlVoltageScaling
 .text.HAL_NVIC_SetPriority
                0x00000000080027a4       0x60 build/stm32g0xx_hal_cortex.o
                0x00000000080027a4                HAL_NVIC_SetPriority
 .text.HAL_NVIC_EnableIRQ
                0x0000000008002804       0x18 build/stm32g0xx_hal_cortex.o
                0x0000000008002804                HAL_NVIC_EnableIRQ
 .text.HAL_SYSTICK_Config
                0x000000000800281c       0x38 build/stm32g0xx_hal_cortex.o
                0x000000000800281c                HAL_SYSTICK_Config
 .text.HAL_InitTick
                0x0000000008002854       0x58 build/stm32g0xx_hal.o
                0x0000000008002854                HAL_InitTick
 .text.HAL_Init
                0x00000000080028ac       0x28 build/stm32g0xx_hal.o
                0x00000000080028ac                HAL_Init
 .text.HAL_IncTick
                0x00000000080028d4       0x18 build/stm32g0xx_hal.o
                0x00000000080028d4                HAL_IncTick
 .text.HAL_GetTick
                0x00000000080028ec        0xc build/stm32g0xx_hal.o
                0x00000000080028ec                HAL_GetTick
 .text.HAL_Delay
                0x00000000080028f8       0x24 build/stm32g0xx_hal.o
                0x00000000080028f8                HAL_Delay
 .text._ZL29SPI_WaitFlagStateUntilTimeoutP19__SPI_HandleTypeDefm10FlagStatusmm
                0x000000000800291c       0xec build/stm32g0xx_hal_spi.o
 .text._ZL29SPI_WaitFifoStateUntilTimeoutP19__SPI_HandleTypeDefmmmm
                0x0000000008002a08      0x114 build/stm32g0xx_hal_spi.o
 .text._ZL22SPI_EndRxTxTransactionP19__SPI_HandleTypeDefmm
                0x0000000008002b1c       0x68 build/stm32g0xx_hal_spi.o
 .text._ZL20SPI_EndRxTransactionP19__SPI_HandleTypeDefmm
                0x0000000008002b84       0x90 build/stm32g0xx_hal_spi.o
 .text.HAL_SPI_Init
                0x0000000008002c14      0x104 build/stm32g0xx_hal_spi.o
                0x0000000008002c14                HAL_SPI_Init
 .text.HAL_SPI_TransmitReceive
                0x0000000008002d18      0x250 build/stm32g0xx_hal_spi.o
                0x0000000008002d18                HAL_SPI_TransmitReceive
 .text.HAL_SPI_Receive
                0x0000000008002f68      0x1b4 build/stm32g0xx_hal_spi.o
                0x0000000008002f68                HAL_SPI_Receive
 .text.HAL_SPI_ErrorCallback
                0x000000000800311c        0x2 build/stm32g0xx_hal_spi.o
                0x000000000800311c                HAL_SPI_ErrorCallback
 *fill*         0x000000000800311e        0x2 
 .text.HAL_SPI_IRQHandler
                0x0000000008003120      0x124 build/stm32g0xx_hal_spi.o
                0x0000000008003120                HAL_SPI_IRQHandler
 .text._ZL19SPI_DMAAbortOnErrorP19__DMA_HandleTypeDef
                0x0000000008003244       0x12 build/stm32g0xx_hal_spi.o
 *fill*         0x0000000008003256        0x2 
 .text._ZL17TIM_OC1_SetConfigP11TIM_TypeDefP18TIM_OC_InitTypeDef
                0x0000000008003258       0x7c build/stm32g0xx_hal_tim.o
 .text._ZL17TIM_OC3_SetConfigP11TIM_TypeDefP18TIM_OC_InitTypeDef
                0x00000000080032d4       0x8c build/stm32g0xx_hal_tim.o
 .text._ZL17TIM_OC4_SetConfigP11TIM_TypeDefP18TIM_OC_InitTypeDef
                0x0000000008003360       0x68 build/stm32g0xx_hal_tim.o
 .text._ZL17TIM_OC5_SetConfigP11TIM_TypeDefP18TIM_OC_InitTypeDef
                0x00000000080033c8       0x64 build/stm32g0xx_hal_tim.o
 .text._ZL17TIM_OC6_SetConfigP11TIM_TypeDefP18TIM_OC_InitTypeDef
                0x000000000800342c       0x68 build/stm32g0xx_hal_tim.o
 .text._ZL24TIM_TI1_ConfigInputStageP11TIM_TypeDefmm
                0x0000000008003494       0x22 build/stm32g0xx_hal_tim.o
 *fill*         0x00000000080034b6        0x2 
 .text._ZL24TIM_TI2_ConfigInputStageP11TIM_TypeDefmm
                0x00000000080034b8       0x28 build/stm32g0xx_hal_tim.o
 .text._ZL18TIM_ITRx_SetConfigP11TIM_TypeDefm
                0x00000000080034e0       0x14 build/stm32g0xx_hal_tim.o
 .text.HAL_TIM_OC_MspInit
                0x00000000080034f4        0x2 build/stm32g0xx_hal_tim.o
                0x00000000080034f4                HAL_TIM_OC_MspInit
 .text.HAL_TIM_OnePulse_MspInit
                0x00000000080034f6        0x2 build/stm32g0xx_hal_tim.o
                0x00000000080034f6                HAL_TIM_OnePulse_MspInit
 .text.HAL_TIM_PeriodElapsedCallback
                0x00000000080034f8        0x2 build/stm32g0xx_hal_tim.o
                0x00000000080034f8                HAL_TIM_PeriodElapsedCallback
 .text.HAL_TIM_OC_DelayElapsedCallback
                0x00000000080034fa        0x2 build/stm32g0xx_hal_tim.o
                0x00000000080034fa                HAL_TIM_OC_DelayElapsedCallback
 .text.HAL_TIM_IC_CaptureCallback
                0x00000000080034fc        0x2 build/stm32g0xx_hal_tim.o
                0x00000000080034fc                HAL_TIM_IC_CaptureCallback
 .text.HAL_TIM_PWM_PulseFinishedCallback
                0x00000000080034fe        0x2 build/stm32g0xx_hal_tim.o
                0x00000000080034fe                HAL_TIM_PWM_PulseFinishedCallback
 .text.HAL_TIM_TriggerCallback
                0x0000000008003500        0x2 build/stm32g0xx_hal_tim.o
                0x0000000008003500                HAL_TIM_TriggerCallback
 *fill*         0x0000000008003502        0x2 
 .text.HAL_TIM_IRQHandler
                0x0000000008003504      0x178 build/stm32g0xx_hal_tim.o
                0x0000000008003504                HAL_TIM_IRQHandler
 .text.TIM_Base_SetConfig
                0x000000000800367c       0x84 build/stm32g0xx_hal_tim.o
                0x000000000800367c                TIM_Base_SetConfig
 .text.HAL_TIM_Base_Init
                0x0000000008003700       0x60 build/stm32g0xx_hal_tim.o
                0x0000000008003700                HAL_TIM_Base_Init
 .text.HAL_TIM_OC_Init
                0x0000000008003760       0x60 build/stm32g0xx_hal_tim.o
                0x0000000008003760                HAL_TIM_OC_Init
 .text.HAL_TIM_OnePulse_Init
                0x00000000080037c0       0x5e build/stm32g0xx_hal_tim.o
                0x00000000080037c0                HAL_TIM_OnePulse_Init
 *fill*         0x000000000800381e        0x2 
 .text.TIM_OC2_SetConfig
                0x0000000008003820       0x80 build/stm32g0xx_hal_tim.o
                0x0000000008003820                TIM_OC2_SetConfig
 .text.HAL_TIM_OC_ConfigChannel
                0x00000000080038a0       0x60 build/stm32g0xx_hal_tim.o
                0x00000000080038a0                HAL_TIM_OC_ConfigChannel
 .text.TIM_ETR_SetConfig
                0x0000000008003900       0x18 build/stm32g0xx_hal_tim.o
                0x0000000008003900                TIM_ETR_SetConfig
 .text.HAL_TIM_ConfigClockSource
                0x0000000008003918       0xe4 build/stm32g0xx_hal_tim.o
                0x0000000008003918                HAL_TIM_ConfigClockSource
 .text._ZL24TIM_SlaveTimer_SetConfigP17TIM_HandleTypeDefP22TIM_SlaveConfigTypeDef
                0x00000000080039fc       0x98 build/stm32g0xx_hal_tim.o
 .text.HAL_TIM_SlaveConfigSynchro
                0x0000000008003a94       0x5c build/stm32g0xx_hal_tim.o
                0x0000000008003a94                HAL_TIM_SlaveConfigSynchro
 .text.HAL_TIMEx_MasterConfigSynchronization
                0x0000000008003af0       0x70 build/stm32g0xx_hal_tim_ex.o
                0x0000000008003af0                HAL_TIMEx_MasterConfigSynchronization
 .text.HAL_TIMEx_ConfigBreakDeadTime
                0x0000000008003b60       0xcc build/stm32g0xx_hal_tim_ex.o
                0x0000000008003b60                HAL_TIMEx_ConfigBreakDeadTime
 .text.HAL_TIMEx_CommutCallback
                0x0000000008003c2c        0x2 build/stm32g0xx_hal_tim_ex.o
                0x0000000008003c2c                HAL_TIMEx_CommutCallback
 .text.HAL_TIMEx_BreakCallback
                0x0000000008003c2e        0x2 build/stm32g0xx_hal_tim_ex.o
                0x0000000008003c2e                HAL_TIMEx_BreakCallback
 .text.HAL_TIMEx_Break2Callback
                0x0000000008003c30        0x2 build/stm32g0xx_hal_tim_ex.o
                0x0000000008003c30                HAL_TIMEx_Break2Callback
 *fill*         0x0000000008003c32        0x2 
 .text.UART_SetConfig
                0x0000000008003c34      0x1b0 build/stm32g0xx_hal_uart.o
                0x0000000008003c34                UART_SetConfig
 .text.UART_AdvFeatureConfig
                0x0000000008003de4       0xe0 build/stm32g0xx_hal_uart.o
                0x0000000008003de4                UART_AdvFeatureConfig
 .text.UART_WaitOnFlagUntilTimeout
                0x0000000008003ec4       0xe8 build/stm32g0xx_hal_uart.o
                0x0000000008003ec4                UART_WaitOnFlagUntilTimeout
 .text.HAL_UART_Transmit
                0x0000000008003fac      0x10c build/stm32g0xx_hal_uart.o
                0x0000000008003fac                HAL_UART_Transmit
 .text.HAL_UART_Receive
                0x00000000080040b8      0x16c build/stm32g0xx_hal_uart.o
                0x00000000080040b8                HAL_UART_Receive
 .text.UART_CheckIdleState
                0x0000000008004224       0x74 build/stm32g0xx_hal_uart.o
                0x0000000008004224                UART_CheckIdleState
 .text.HAL_UART_Init
                0x0000000008004298       0x70 build/stm32g0xx_hal_uart.o
                0x0000000008004298                HAL_UART_Init
 .text.SystemInit
                0x0000000008004308        0x2 build/system_stm32g0xx.o
                0x0000000008004308                SystemInit
 *fill*         0x000000000800430a        0x2 
 .text.Reset_Handler
                0x000000000800430c       0x50 build/startup_stm32g030xx.o
                0x000000000800430c                Reset_Handler
 .text.Default_Handler
                0x000000000800435c        0x2 build/startup_stm32g030xx.o
                0x000000000800435c                I2C1_IRQHandler
                0x000000000800435c                RTC_TAMP_IRQHandler
                0x000000000800435c                DMA1_Ch4_5_DMAMUX1_OVR_IRQHandler
                0x000000000800435c                EXTI2_3_IRQHandler
                0x000000000800435c                I2C2_IRQHandler
                0x000000000800435c                TIM17_IRQHandler
                0x000000000800435c                TIM16_IRQHandler
                0x000000000800435c                TIM3_IRQHandler
                0x000000000800435c                EXTI4_15_IRQHandler
                0x000000000800435c                RCC_IRQHandler
                0x000000000800435c                DMA1_Channel1_IRQHandler
                0x000000000800435c                Default_Handler
                0x000000000800435c                TIM14_IRQHandler
                0x000000000800435c                EXTI0_1_IRQHandler
                0x000000000800435c                WWDG_IRQHandler
                0x000000000800435c                DMA1_Channel2_3_IRQHandler
                0x000000000800435c                USART2_IRQHandler
                0x000000000800435c                FLASH_IRQHandler
                0x000000000800435c                USART1_IRQHandler
 *fill*         0x000000000800435e        0x2 
 .text.__errno  0x0000000008004360        0xc /home/robert/gcc-arm-none-eabi-10.3-2021.07/bin/../lib/gcc/arm-none-eabi/10.3.1/../../../../arm-none-eabi/lib/thumb/v6-m/nofp/libc_nano.a(lib_a-errno.o)
                0x0000000008004360                __errno
 .text.__libc_init_array
                0x000000000800436c       0x48 /home/robert/gcc-arm-none-eabi-10.3-2021.07/bin/../lib/gcc/arm-none-eabi/10.3.1/../../../../arm-none-eabi/lib/thumb/v6-m/nofp/libc_nano.a(lib_a-init.o)
                0x000000000800436c                __libc_init_array
 .text.memset   0x00000000080043b4       0x10 /home/robert/gcc-arm-none-eabi-10.3-2021.07/bin/../lib/gcc/arm-none-eabi/10.3.1/../../../../arm-none-eabi/lib/thumb/v6-m/nofp/libc_nano.a(lib_a-memset.o)
                0x00000000080043b4                memset
 .text.printf   0x00000000080043c4       0x34 /home/robert/gcc-arm-none-eabi-10.3-2021.07/bin/../lib/gcc/arm-none-eabi/10.3.1/../../../../arm-none-eabi/lib/thumb/v6-m/nofp/libc_nano.a(lib_a-printf.o)
                0x00000000080043c4                printf
                0x00000000080043c4                iprintf
 .text.setvbuf  0x00000000080043f8      0x190 /home/robert/gcc-arm-none-eabi-10.3-2021.07/bin/../lib/gcc/arm-none-eabi/10.3.1/../../../../arm-none-eabi/lib/thumb/v6-m/nofp/libc_nano.a(lib_a-setvbuf.o)
                0x00000000080043f8                setvbuf
 .text.__sflush_r
                0x0000000008004588      0x118 /home/robert/gcc-arm-none-eabi-10.3-2021.07/bin/../lib/gcc/arm-none-eabi/10.3.1/../../../../arm-none-eabi/lib/thumb/v6-m/nofp/libc_nano.a(lib_a-fflush.o)
                0x0000000008004588                __sflush_r
 .text._fflush_r
                0x00000000080046a0       0x80 /home/robert/gcc-arm-none-eabi-10.3-2021.07/bin/../lib/gcc/arm-none-eabi/10.3.1/../../../../arm-none-eabi/lib/thumb/v6-m/nofp/libc_nano.a(lib_a-fflush.o)
                0x00000000080046a0                _fflush_r
 .text.std      0x0000000008004720       0x48 /home/robert/gcc-arm-none-eabi-10.3-2021.07/bin/../lib/gcc/arm-none-eabi/10.3.1/../../../../arm-none-eabi/lib/thumb/v6-m/nofp/libc_nano.a(lib_a-findfp.o)
 .text._cleanup_r
                0x0000000008004768       0x10 /home/robert/gcc-arm-none-eabi-10.3-2021.07/bin/../lib/gcc/arm-none-eabi/10.3.1/../../../../arm-none-eabi/lib/thumb/v6-m/nofp/libc_nano.a(lib_a-findfp.o)
                0x0000000008004768                _cleanup_r
 .text.__sfmoreglue
                0x0000000008004778       0x2c /home/robert/gcc-arm-none-eabi-10.3-2021.07/bin/../lib/gcc/arm-none-eabi/10.3.1/../../../../arm-none-eabi/lib/thumb/v6-m/nofp/libc_nano.a(lib_a-findfp.o)
                0x0000000008004778                __sfmoreglue
 .text.__sfp_lock_acquire
                0x00000000080047a4       0x10 /home/robert/gcc-arm-none-eabi-10.3-2021.07/bin/../lib/gcc/arm-none-eabi/10.3.1/../../../../arm-none-eabi/lib/thumb/v6-m/nofp/libc_nano.a(lib_a-findfp.o)
                0x00000000080047a4                __sfp_lock_acquire
 .text.__sfp_lock_release
                0x00000000080047b4       0x10 /home/robert/gcc-arm-none-eabi-10.3-2021.07/bin/../lib/gcc/arm-none-eabi/10.3.1/../../../../arm-none-eabi/lib/thumb/v6-m/nofp/libc_nano.a(lib_a-findfp.o)
                0x00000000080047b4                __sfp_lock_release
 .text.__sinit_lock_acquire
                0x00000000080047c4       0x10 /home/robert/gcc-arm-none-eabi-10.3-2021.07/bin/../lib/gcc/arm-none-eabi/10.3.1/../../../../arm-none-eabi/lib/thumb/v6-m/nofp/libc_nano.a(lib_a-findfp.o)
                0x00000000080047c4                __sinit_lock_acquire
 .text.__sinit_lock_release
                0x00000000080047d4       0x10 /home/robert/gcc-arm-none-eabi-10.3-2021.07/bin/../lib/gcc/arm-none-eabi/10.3.1/../../../../arm-none-eabi/lib/thumb/v6-m/nofp/libc_nano.a(lib_a-findfp.o)
                0x00000000080047d4                __sinit_lock_release
 .text.__sinit  0x00000000080047e4       0x70 /home/robert/gcc-arm-none-eabi-10.3-2021.07/bin/../lib/gcc/arm-none-eabi/10.3.1/../../../../arm-none-eabi/lib/thumb/v6-m/nofp/libc_nano.a(lib_a-findfp.o)
                0x00000000080047e4                __sinit
 .text.__sfp    0x0000000008004854       0x90 /home/robert/gcc-arm-none-eabi-10.3-2021.07/bin/../lib/gcc/arm-none-eabi/10.3.1/../../../../arm-none-eabi/lib/thumb/v6-m/nofp/libc_nano.a(lib_a-findfp.o)
                0x0000000008004854                __sfp
 .text._fwalk_reent
                0x00000000080048e4       0x40 /home/robert/gcc-arm-none-eabi-10.3-2021.07/bin/../lib/gcc/arm-none-eabi/10.3.1/../../../../arm-none-eabi/lib/thumb/v6-m/nofp/libc_nano.a(lib_a-fwalk.o)
                0x00000000080048e4                _fwalk_reent
 .text.__retarget_lock_init_recursive
                0x0000000008004924        0x2 /home/robert/gcc-arm-none-eabi-10.3-2021.07/bin/../lib/gcc/arm-none-eabi/10.3.1/../../../../arm-none-eabi/lib/thumb/v6-m/nofp/libc_nano.a(lib_a-lock.o)
                0x0000000008004924                __retarget_lock_init_recursive
 .text.__retarget_lock_acquire_recursive
                0x0000000008004926        0x2 /home/robert/gcc-arm-none-eabi-10.3-2021.07/bin/../lib/gcc/arm-none-eabi/10.3.1/../../../../arm-none-eabi/lib/thumb/v6-m/nofp/libc_nano.a(lib_a-lock.o)
                0x0000000008004926                __retarget_lock_acquire_recursive
 .text.__retarget_lock_release_recursive
                0x0000000008004928        0x2 /home/robert/gcc-arm-none-eabi-10.3-2021.07/bin/../lib/gcc/arm-none-eabi/10.3.1/../../../../arm-none-eabi/lib/thumb/v6-m/nofp/libc_nano.a(lib_a-lock.o)
                0x0000000008004928                __retarget_lock_release_recursive
 *fill*         0x000000000800492a        0x2 
 .text.__swhatbuf_r
                0x000000000800492c       0x50 /home/robert/gcc-arm-none-eabi-10.3-2021.07/bin/../lib/gcc/arm-none-eabi/10.3.1/../../../../arm-none-eabi/lib/thumb/v6-m/nofp/libc_nano.a(lib_a-makebuf.o)
                0x000000000800492c                __swhatbuf_r
 .text.__smakebuf_r
                0x000000000800497c       0x88 /home/robert/gcc-arm-none-eabi-10.3-2021.07/bin/../lib/gcc/arm-none-eabi/10.3.1/../../../../arm-none-eabi/lib/thumb/v6-m/nofp/libc_nano.a(lib_a-makebuf.o)
                0x000000000800497c                __smakebuf_r
 .text.malloc   0x0000000008004a04       0x14 /home/robert/gcc-arm-none-eabi-10.3-2021.07/bin/../lib/gcc/arm-none-eabi/10.3.1/../../../../arm-none-eabi/lib/thumb/v6-m/nofp/libc_nano.a(lib_a-malloc.o)
                0x0000000008004a04                malloc
 .text._free_r  0x0000000008004a18       0x94 /home/robert/gcc-arm-none-eabi-10.3-2021.07/bin/../lib/gcc/arm-none-eabi/10.3.1/../../../../arm-none-eabi/lib/thumb/v6-m/nofp/libc_nano.a(lib_a-nano-freer.o)
                0x0000000008004a18                _free_r
 .text.sbrk_aligned
                0x0000000008004aac       0x44 /home/robert/gcc-arm-none-eabi-10.3-2021.07/bin/../lib/gcc/arm-none-eabi/10.3.1/../../../../arm-none-eabi/lib/thumb/v6-m/nofp/libc_nano.a(lib_a-nano-mallocr.o)
 .text._malloc_r
                0x0000000008004af0       0xec /home/robert/gcc-arm-none-eabi-10.3-2021.07/bin/../lib/gcc/arm-none-eabi/10.3.1/../../../../arm-none-eabi/lib/thumb/v6-m/nofp/libc_nano.a(lib_a-nano-mallocr.o)
                0x0000000008004af0                _malloc_r
 .text.__sfputc_r
                0x0000000008004bdc       0x2a /home/robert/gcc-arm-none-eabi-10.3-2021.07/bin/../lib/gcc/arm-none-eabi/10.3.1/../../../../arm-none-eabi/lib/thumb/v6-m/nofp/libc_nano.a(lib_a-nano-vfprintf.o)
 .text.__sfputs_r
                0x0000000008004c06       0x24 /home/robert/gcc-arm-none-eabi-10.3-2021.07/bin/../lib/gcc/arm-none-eabi/10.3.1/../../../../arm-none-eabi/lib/thumb/v6-m/nofp/libc_nano.a(lib_a-nano-vfprintf.o)
                0x0000000008004c06                __sfputs_r
 *fill*         0x0000000008004c2a        0x2 
 .text._vfprintf_r
                0x0000000008004c2c      0x274 /home/robert/gcc-arm-none-eabi-10.3-2021.07/bin/../lib/gcc/arm-none-eabi/10.3.1/../../../../arm-none-eabi/lib/thumb/v6-m/nofp/libc_nano.a(lib_a-nano-vfprintf.o)
                0x0000000008004c2c                _vfiprintf_r
                0x0000000008004c2c                _vfprintf_r
 .text._printf_common
                0x0000000008004ea0       0xde /home/robert/gcc-arm-none-eabi-10.3-2021.07/bin/../lib/gcc/arm-none-eabi/10.3.1/../../../../arm-none-eabi/lib/thumb/v6-m/nofp/libc_nano.a(lib_a-nano-vfprintf_i.o)
                0x0000000008004ea0                _printf_common
 *fill*         0x0000000008004f7e        0x2 
 .text._printf_i
                0x0000000008004f80      0x224 /home/robert/gcc-arm-none-eabi-10.3-2021.07/bin/../lib/gcc/arm-none-eabi/10.3.1/../../../../arm-none-eabi/lib/thumb/v6-m/nofp/libc_nano.a(lib_a-nano-vfprintf_i.o)
                0x0000000008004f80                _printf_i
 .text._sbrk_r  0x00000000080051a4       0x24 /home/robert/gcc-arm-none-eabi-10.3-2021.07/bin/../lib/gcc/arm-none-eabi/10.3.1/../../../../arm-none-eabi/lib/thumb/v6-m/nofp/libc_nano.a(lib_a-sbrkr.o)
                0x00000000080051a4                _sbrk_r
 .text.__sread  0x00000000080051c8       0x28 /home/robert/gcc-arm-none-eabi-10.3-2021.07/bin/../lib/gcc/arm-none-eabi/10.3.1/../../../../arm-none-eabi/lib/thumb/v6-m/nofp/libc_nano.a(lib_a-stdio.o)
                0x00000000080051c8                __sread
 .text.__swrite
                0x00000000080051f0       0x38 /home/robert/gcc-arm-none-eabi-10.3-2021.07/bin/../lib/gcc/arm-none-eabi/10.3.1/../../../../arm-none-eabi/lib/thumb/v6-m/nofp/libc_nano.a(lib_a-stdio.o)
                0x00000000080051f0                __swrite
 .text.__sseek  0x0000000008005228       0x2c /home/robert/gcc-arm-none-eabi-10.3-2021.07/bin/../lib/gcc/arm-none-eabi/10.3.1/../../../../arm-none-eabi/lib/thumb/v6-m/nofp/libc_nano.a(lib_a-stdio.o)
                0x0000000008005228                __sseek
 .text.__sclose
                0x0000000008005254        0xc /home/robert/gcc-arm-none-eabi-10.3-2021.07/bin/../lib/gcc/arm-none-eabi/10.3.1/../../../../arm-none-eabi/lib/thumb/v6-m/nofp/libc_nano.a(lib_a-stdio.o)
                0x0000000008005254                __sclose
 .text.__swbuf_r
                0x0000000008005260       0xac /home/robert/gcc-arm-none-eabi-10.3-2021.07/bin/../lib/gcc/arm-none-eabi/10.3.1/../../../../arm-none-eabi/lib/thumb/v6-m/nofp/libc_nano.a(lib_a-wbuf.o)
                0x0000000008005260                __swbuf_r
 .text._write_r
                0x000000000800530c       0x28 /home/robert/gcc-arm-none-eabi-10.3-2021.07/bin/../lib/gcc/arm-none-eabi/10.3.1/../../../../arm-none-eabi/lib/thumb/v6-m/nofp/libc_nano.a(lib_a-writer.o)
                0x000000000800530c                _write_r
 .text.__swsetup_r
                0x0000000008005334       0xf0 /home/robert/gcc-arm-none-eabi-10.3-2021.07/bin/../lib/gcc/arm-none-eabi/10.3.1/../../../../arm-none-eabi/lib/thumb/v6-m/nofp/libc_nano.a(lib_a-wsetup.o)
                0x0000000008005334                __swsetup_r
 .text._close_r
                0x0000000008005424       0x24 /home/robert/gcc-arm-none-eabi-10.3-2021.07/bin/../lib/gcc/arm-none-eabi/10.3.1/../../../../arm-none-eabi/lib/thumb/v6-m/nofp/libc_nano.a(lib_a-closer.o)
                0x0000000008005424                _close_r
 .text._fstat_r
                0x0000000008005448       0x24 /home/robert/gcc-arm-none-eabi-10.3-2021.07/bin/../lib/gcc/arm-none-eabi/10.3.1/../../../../arm-none-eabi/lib/thumb/v6-m/nofp/libc_nano.a(lib_a-fstatr.o)
                0x0000000008005448                _fstat_r
 .text._isatty_r
                0x000000000800546c       0x24 /home/robert/gcc-arm-none-eabi-10.3-2021.07/bin/../lib/gcc/arm-none-eabi/10.3.1/../../../../arm-none-eabi/lib/thumb/v6-m/nofp/libc_nano.a(lib_a-isattyr.o)
                0x000000000800546c                _isatty_r
 .text._lseek_r
                0x0000000008005490       0x28 /home/robert/gcc-arm-none-eabi-10.3-2021.07/bin/../lib/gcc/arm-none-eabi/10.3.1/../../../../arm-none-eabi/lib/thumb/v6-m/nofp/libc_nano.a(lib_a-lseekr.o)
                0x0000000008005490                _lseek_r
 .text.memchr   0x00000000080054b8       0x16 /home/robert/gcc-arm-none-eabi-10.3-2021.07/bin/../lib/gcc/arm-none-eabi/10.3.1/../../../../arm-none-eabi/lib/thumb/v6-m/nofp/libc_nano.a(lib_a-memchr-stub.o)
                0x00000000080054b8                memchr
 *fill*         0x00000000080054ce        0x2 
 .text.__malloc_lock
                0x00000000080054d0       0x10 /home/robert/gcc-arm-none-eabi-10.3-2021.07/bin/../lib/gcc/arm-none-eabi/10.3.1/../../../../arm-none-eabi/lib/thumb/v6-m/nofp/libc_nano.a(lib_a-mlock.o)
                0x00000000080054d0                __malloc_lock
 .text.__malloc_unlock
                0x00000000080054e0       0x10 /home/robert/gcc-arm-none-eabi-10.3-2021.07/bin/../lib/gcc/arm-none-eabi/10.3.1/../../../../arm-none-eabi/lib/thumb/v6-m/nofp/libc_nano.a(lib_a-mlock.o)
                0x00000000080054e0                __malloc_unlock
 .text._read_r  0x00000000080054f0       0x28 /home/robert/gcc-arm-none-eabi-10.3-2021.07/bin/../lib/gcc/arm-none-eabi/10.3.1/../../../../arm-none-eabi/lib/thumb/v6-m/nofp/libc_nano.a(lib_a-readr.o)
                0x00000000080054f0                _read_r
 *(.glue_7)
 .glue_7        0x0000000008005518        0x0 linker stubs
 *(.glue_7t)
 .glue_7t       0x0000000008005518        0x0 linker stubs
 *(.eh_frame)
 .eh_frame      0x0000000008005518        0x0 /home/robert/gcc-arm-none-eabi-10.3-2021.07/bin/../lib/gcc/arm-none-eabi/10.3.1/thumb/v6-m/nofp/crtbegin.o
 *(.init)
 .init          0x0000000008005518        0x4 /home/robert/gcc-arm-none-eabi-10.3-2021.07/bin/../lib/gcc/arm-none-eabi/10.3.1/thumb/v6-m/nofp/crti.o
                0x0000000008005518                _init
 .init          0x000000000800551c        0x8 /home/robert/gcc-arm-none-eabi-10.3-2021.07/bin/../lib/gcc/arm-none-eabi/10.3.1/thumb/v6-m/nofp/crtn.o
 *(.fini)
 .fini          0x0000000008005524        0x4 /home/robert/gcc-arm-none-eabi-10.3-2021.07/bin/../lib/gcc/arm-none-eabi/10.3.1/thumb/v6-m/nofp/crti.o
                0x0000000008005524                _fini
 .fini          0x0000000008005528        0x8 /home/robert/gcc-arm-none-eabi-10.3-2021.07/bin/../lib/gcc/arm-none-eabi/10.3.1/thumb/v6-m/nofp/crtn.o
                0x0000000008005530                . = ALIGN (0x4)
                0x0000000008005530                _etext = .

.vfp11_veneer   0x0000000008005530        0x0
 .vfp11_veneer  0x0000000008005530        0x0 linker stubs

.v4_bx          0x0000000008005530        0x0
 .v4_bx         0x0000000008005530        0x0 linker stubs

.iplt           0x0000000008005530        0x0
 .iplt          0x0000000008005530        0x0 /home/robert/gcc-arm-none-eabi-10.3-2021.07/bin/../lib/gcc/arm-none-eabi/10.3.1/thumb/v6-m/nofp/crtbegin.o

.rodata         0x0000000008005530      0x238
                0x0000000008005530                . = ALIGN (0x4)
 *(.rodata)
 .rodata        0x0000000008005530       0x40 /home/robert/gcc-arm-none-eabi-10.3-2021.07/bin/../lib/gcc/arm-none-eabi/10.3.1/thumb/v6-m/nofp/libgcc.a(mulsf3.o)
 *(.rodata*)
 .rodata.main.str1.4
                0x0000000008005570       0x93 build/main.o
 *fill*         0x0000000008005603        0x1 
 .rodata.HAL_TIM_OC_ConfigChannel
                0x0000000008005604       0x54 build/stm32g0xx_hal_tim.o
 .rodata.UARTPrescTable
                0x0000000008005658       0x18 build/stm32g0xx_hal_uart.o
                0x0000000008005658                UARTPrescTable
 .rodata.AHBPrescTable
                0x0000000008005670       0x40 build/system_stm32g0xx.o
                0x0000000008005670                AHBPrescTable
 .rodata.APBPrescTable
                0x00000000080056b0       0x20 build/system_stm32g0xx.o
                0x00000000080056b0                APBPrescTable
 .rodata._global_impure_ptr
                0x00000000080056d0        0x4 /home/robert/gcc-arm-none-eabi-10.3-2021.07/bin/../lib/gcc/arm-none-eabi/10.3.1/../../../../arm-none-eabi/lib/thumb/v6-m/nofp/libc_nano.a(lib_a-impure.o)
                0x00000000080056d0                _global_impure_ptr
 .rodata.__sf_fake_stderr
                0x00000000080056d4       0x20 /home/robert/gcc-arm-none-eabi-10.3-2021.07/bin/../lib/gcc/arm-none-eabi/10.3.1/../../../../arm-none-eabi/lib/thumb/v6-m/nofp/libc_nano.a(lib_a-findfp.o)
                0x00000000080056d4                __sf_fake_stderr
 .rodata.__sf_fake_stdin
                0x00000000080056f4       0x20 /home/robert/gcc-arm-none-eabi-10.3-2021.07/bin/../lib/gcc/arm-none-eabi/10.3.1/../../../../arm-none-eabi/lib/thumb/v6-m/nofp/libc_nano.a(lib_a-findfp.o)
                0x00000000080056f4                __sf_fake_stdin
 .rodata.__sf_fake_stdout
                0x0000000008005714       0x20 /home/robert/gcc-arm-none-eabi-10.3-2021.07/bin/../lib/gcc/arm-none-eabi/10.3.1/../../../../arm-none-eabi/lib/thumb/v6-m/nofp/libc_nano.a(lib_a-findfp.o)
                0x0000000008005714                __sf_fake_stdout
 .rodata._vfprintf_r.str1.1
                0x0000000008005734       0x11 /home/robert/gcc-arm-none-eabi-10.3-2021.07/bin/../lib/gcc/arm-none-eabi/10.3.1/../../../../arm-none-eabi/lib/thumb/v6-m/nofp/libc_nano.a(lib_a-nano-vfprintf.o)
 .rodata._printf_i.str1.1
                0x0000000008005745       0x22 /home/robert/gcc-arm-none-eabi-10.3-2021.07/bin/../lib/gcc/arm-none-eabi/10.3.1/../../../../arm-none-eabi/lib/thumb/v6-m/nofp/libc_nano.a(lib_a-nano-vfprintf_i.o)
                0x0000000008005768                . = ALIGN (0x4)
 *fill*         0x0000000008005767        0x1 

.rel.dyn        0x0000000008005768        0x0
 .rel.iplt      0x0000000008005768        0x0 /home/robert/gcc-arm-none-eabi-10.3-2021.07/bin/../lib/gcc/arm-none-eabi/10.3.1/thumb/v6-m/nofp/crtbegin.o

.ARM.extab
 *(.ARM.extab* .gnu.linkonce.armextab.*)

.ARM            0x0000000008005768        0x0
                0x0000000008005768                __exidx_start = .
 *(.ARM.exidx*)
                0x0000000008005768                __exidx_end = .

.preinit_array  0x0000000008005768        0x0
                0x0000000008005768                PROVIDE (__preinit_array_start = .)
 *(.preinit_array*)
                0x0000000008005768                PROVIDE (__preinit_array_end = .)

.init_array     0x0000000008005768        0x4
                0x0000000008005768                PROVIDE (__init_array_start = .)
 *(SORT_BY_NAME(.init_array.*))
 *(.init_array*)
 .init_array    0x0000000008005768        0x4 /home/robert/gcc-arm-none-eabi-10.3-2021.07/bin/../lib/gcc/arm-none-eabi/10.3.1/thumb/v6-m/nofp/crtbegin.o
                0x000000000800576c                PROVIDE (__init_array_end = .)

.fini_array     0x000000000800576c        0x4
                [!provide]                        PROVIDE (__fini_array_start = .)
 *(SORT_BY_NAME(.fini_array.*))
 *(.fini_array*)
 .fini_array    0x000000000800576c        0x4 /home/robert/gcc-arm-none-eabi-10.3-2021.07/bin/../lib/gcc/arm-none-eabi/10.3.1/thumb/v6-m/nofp/crtbegin.o
                [!provide]                        PROVIDE (__fini_array_end = .)
                0x0000000008005770                _sidata = LOADADDR (.data)

.data           0x0000000020000000       0x70 load address 0x0000000008005770
                0x0000000020000000                . = ALIGN (0x4)
                0x0000000020000000                _sdata = .
 *(.data)
 *(.data*)
 .data.uwTickFreq
                0x0000000020000000        0x1 build/stm32g0xx_hal.o
                0x0000000020000000                uwTickFreq
 *fill*         0x0000000020000001        0x3 
 .data.uwTickPrio
                0x0000000020000004        0x4 build/stm32g0xx_hal.o
                0x0000000020000004                uwTickPrio
 .data.SystemCoreClock
                0x0000000020000008        0x4 build/system_stm32g0xx.o
                0x0000000020000008                SystemCoreClock
 .data._impure_ptr
                0x000000002000000c        0x4 /home/robert/gcc-arm-none-eabi-10.3-2021.07/bin/../lib/gcc/arm-none-eabi/10.3.1/../../../../arm-none-eabi/lib/thumb/v6-m/nofp/libc_nano.a(lib_a-impure.o)
                0x000000002000000c                _impure_ptr
 .data.impure_data
                0x0000000020000010       0x60 /home/robert/gcc-arm-none-eabi-10.3-2021.07/bin/../lib/gcc/arm-none-eabi/10.3.1/../../../../arm-none-eabi/lib/thumb/v6-m/nofp/libc_nano.a(lib_a-impure.o)
                0x0000000020000070                . = ALIGN (0x4)
                0x0000000020000070                _edata = .

.igot.plt       0x0000000020000070        0x0 load address 0x00000000080057e0
 .igot.plt      0x0000000020000070        0x0 /home/robert/gcc-arm-none-eabi-10.3-2021.07/bin/../lib/gcc/arm-none-eabi/10.3.1/thumb/v6-m/nofp/crtbegin.o
                0x0000000020000070                . = ALIGN (0x4)

.bss            0x0000000020000070      0x244 load address 0x00000000080057e0
                0x0000000020000070                _sbss = .
                0x0000000020000070                __bss_start__ = _sbss
 *(.bss)
 .bss           0x0000000020000070       0x1c /home/robert/gcc-arm-none-eabi-10.3-2021.07/bin/../lib/gcc/arm-none-eabi/10.3.1/thumb/v6-m/nofp/crtbegin.o
 *(.bss*)
 .bss.hadc1     0x000000002000008c       0x64 build/main.o
                0x000000002000008c                hadc1
 .bss.hspi1     0x00000000200000f0       0x64 build/main.o
                0x00000000200000f0                hspi1
 .bss.hspi2     0x0000000020000154       0x64 build/main.o
                0x0000000020000154                hspi2
 .bss.htim1     0x00000000200001b8       0x4c build/main.o
                0x00000000200001b8                htim1
 .bss.huart2    0x0000000020000204       0x90 build/main.o
                0x0000000020000204                huart2
 .bss._ZZ5_sbrkE4heap
                0x0000000020000294        0x4 build/syscalls.o
 .bss._ZZ5_sbrkE9prev_heap
                0x0000000020000298        0x4 build/syscalls.o
 .bss.gHuart    0x000000002000029c        0x4 build/syscalls.o
                0x000000002000029c                gHuart
 .bss.uwTick    0x00000000200002a0        0x4 build/stm32g0xx_hal.o
                0x00000000200002a0                uwTick
 .bss.__lock___malloc_recursive_mutex
                0x00000000200002a4        0x1 /home/robert/gcc-arm-none-eabi-10.3-2021.07/bin/../lib/gcc/arm-none-eabi/10.3.1/../../../../arm-none-eabi/lib/thumb/v6-m/nofp/libc_nano.a(lib_a-lock.o)
                0x00000000200002a4                __lock___malloc_recursive_mutex
 .bss.__lock___sfp_recursive_mutex
                0x00000000200002a5        0x1 /home/robert/gcc-arm-none-eabi-10.3-2021.07/bin/../lib/gcc/arm-none-eabi/10.3.1/../../../../arm-none-eabi/lib/thumb/v6-m/nofp/libc_nano.a(lib_a-lock.o)
                0x00000000200002a5                __lock___sfp_recursive_mutex
 .bss.__lock___sinit_recursive_mutex
                0x00000000200002a6        0x1 /home/robert/gcc-arm-none-eabi-10.3-2021.07/bin/../lib/gcc/arm-none-eabi/10.3.1/../../../../arm-none-eabi/lib/thumb/v6-m/nofp/libc_nano.a(lib_a-lock.o)
                0x00000000200002a6                __lock___sinit_recursive_mutex
 *fill*         0x00000000200002a7        0x1 
 .bss.__malloc_free_list
                0x00000000200002a8        0x4 /home/robert/gcc-arm-none-eabi-10.3-2021.07/bin/../lib/gcc/arm-none-eabi/10.3.1/../../../../arm-none-eabi/lib/thumb/v6-m/nofp/libc_nano.a(lib_a-nano-mallocr.o)
                0x00000000200002a8                __malloc_free_list
 .bss.__malloc_sbrk_start
                0x00000000200002ac        0x4 /home/robert/gcc-arm-none-eabi-10.3-2021.07/bin/../lib/gcc/arm-none-eabi/10.3.1/../../../../arm-none-eabi/lib/thumb/v6-m/nofp/libc_nano.a(lib_a-nano-mallocr.o)
                0x00000000200002ac                __malloc_sbrk_start
 .bss.errno     0x00000000200002b0        0x4 /home/robert/gcc-arm-none-eabi-10.3-2021.07/bin/../lib/gcc/arm-none-eabi/10.3.1/../../../../arm-none-eabi/lib/thumb/v6-m/nofp/libc_nano.a(lib_a-reent.o)
                0x00000000200002b0                errno
 *(COMMON)
                0x00000000200002b4                . = ALIGN (0x4)
                0x00000000200002b4                _ebss = .
                0x00000000200002b4                __bss_end__ = _ebss

._user_heap_stack
                0x00000000200002b4      0x604 load address 0x00000000080057e0
                0x00000000200002b8                . = ALIGN (0x8)
 *fill*         0x00000000200002b4        0x4 
                0x00000000200002b8                PROVIDE (end = .)
                [!provide]                        PROVIDE (_end = .)
                0x00000000200004b8                . = (. + _Min_Heap_Size)
 *fill*         0x00000000200002b8      0x200 
                0x00000000200008b8                . = (. + _Min_Stack_Size)
 *fill*         0x00000000200004b8      0x400 
                0x00000000200008b8                . = ALIGN (0x8)

/DISCARD/
 libc.a(*)
 libm.a(*)
 libgcc.a(*)

.ARM.attributes
                0x0000000000000000       0x28
 *(.ARM.attributes)
 .ARM.attributes
                0x0000000000000000       0x1e /home/robert/gcc-arm-none-eabi-10.3-2021.07/bin/../lib/gcc/arm-none-eabi/10.3.1/thumb/v6-m/nofp/crti.o
 .ARM.attributes
                0x000000000000001e       0x2c /home/robert/gcc-arm-none-eabi-10.3-2021.07/bin/../lib/gcc/arm-none-eabi/10.3.1/thumb/v6-m/nofp/crtbegin.o
 .ARM.attributes
                0x000000000000004a       0x2c build/main.o
 .ARM.attributes
                0x0000000000000076       0x2c build/stm32g0xx_it.o
 .ARM.attributes
                0x00000000000000a2       0x2c build/stm32g0xx_hal_msp.o
 .ARM.attributes
                0x00000000000000ce       0x2c build/syscalls.o
 .ARM.attributes
                0x00000000000000fa       0x2c build/stm32g0xx_hal_adc.o
 .ARM.attributes
                0x0000000000000126       0x2c build/stm32g0xx_hal_adc_ex.o
 .ARM.attributes
                0x0000000000000152       0x2c build/stm32g0xx_hal_rcc.o
 .ARM.attributes
                0x000000000000017e       0x2c build/stm32g0xx_hal_rcc_ex.o
 .ARM.attributes
                0x00000000000001aa       0x2c build/stm32g0xx_hal_gpio.o
 .ARM.attributes
                0x00000000000001d6       0x2c build/stm32g0xx_hal_dma.o
 .ARM.attributes
                0x0000000000000202       0x2c build/stm32g0xx_hal_pwr_ex.o
 .ARM.attributes
                0x000000000000022e       0x2c build/stm32g0xx_hal_cortex.o
 .ARM.attributes
                0x000000000000025a       0x2c build/stm32g0xx_hal.o
 .ARM.attributes
                0x0000000000000286       0x2c build/stm32g0xx_hal_spi.o
 .ARM.attributes
                0x00000000000002b2       0x2c build/stm32g0xx_hal_tim.o
 .ARM.attributes
                0x00000000000002de       0x2c build/stm32g0xx_hal_tim_ex.o
 .ARM.attributes
                0x000000000000030a       0x2c build/stm32g0xx_hal_uart.o
 .ARM.attributes
                0x0000000000000336       0x2c build/system_stm32g0xx.o
 .ARM.attributes
                0x0000000000000362       0x22 build/startup_stm32g030xx.o
 .ARM.attributes
                0x0000000000000384       0x2c /home/robert/gcc-arm-none-eabi-10.3-2021.07/bin/../lib/gcc/arm-none-eabi/10.3.1/../../../../arm-none-eabi/lib/thumb/v6-m/nofp/libc_nano.a(lib_a-errno.o)
 .ARM.attributes
                0x00000000000003b0       0x2c /home/robert/gcc-arm-none-eabi-10.3-2021.07/bin/../lib/gcc/arm-none-eabi/10.3.1/../../../../arm-none-eabi/lib/thumb/v6-m/nofp/libc_nano.a(lib_a-impure.o)
 .ARM.attributes
                0x00000000000003dc       0x2c /home/robert/gcc-arm-none-eabi-10.3-2021.07/bin/../lib/gcc/arm-none-eabi/10.3.1/../../../../arm-none-eabi/lib/thumb/v6-m/nofp/libc_nano.a(lib_a-init.o)
 .ARM.attributes
                0x0000000000000408       0x2c /home/robert/gcc-arm-none-eabi-10.3-2021.07/bin/../lib/gcc/arm-none-eabi/10.3.1/../../../../arm-none-eabi/lib/thumb/v6-m/nofp/libc_nano.a(lib_a-memset.o)
 .ARM.attributes
                0x0000000000000434       0x2c /home/robert/gcc-arm-none-eabi-10.3-2021.07/bin/../lib/gcc/arm-none-eabi/10.3.1/../../../../arm-none-eabi/lib/thumb/v6-m/nofp/libc_nano.a(lib_a-printf.o)
 .ARM.attributes
                0x0000000000000460       0x2c /home/robert/gcc-arm-none-eabi-10.3-2021.07/bin/../lib/gcc/arm-none-eabi/10.3.1/../../../../arm-none-eabi/lib/thumb/v6-m/nofp/libc_nano.a(lib_a-setvbuf.o)
 .ARM.attributes
                0x000000000000048c       0x2c /home/robert/gcc-arm-none-eabi-10.3-2021.07/bin/../lib/gcc/arm-none-eabi/10.3.1/../../../../arm-none-eabi/lib/thumb/v6-m/nofp/libc_nano.a(lib_a-fflush.o)
 .ARM.attributes
                0x00000000000004b8       0x2c /home/robert/gcc-arm-none-eabi-10.3-2021.07/bin/../lib/gcc/arm-none-eabi/10.3.1/../../../../arm-none-eabi/lib/thumb/v6-m/nofp/libc_nano.a(lib_a-findfp.o)
 .ARM.attributes
                0x00000000000004e4       0x2c /home/robert/gcc-arm-none-eabi-10.3-2021.07/bin/../lib/gcc/arm-none-eabi/10.3.1/../../../../arm-none-eabi/lib/thumb/v6-m/nofp/libc_nano.a(lib_a-fwalk.o)
 .ARM.attributes
                0x0000000000000510       0x2c /home/robert/gcc-arm-none-eabi-10.3-2021.07/bin/../lib/gcc/arm-none-eabi/10.3.1/../../../../arm-none-eabi/lib/thumb/v6-m/nofp/libc_nano.a(lib_a-lock.o)
 .ARM.attributes
                0x000000000000053c       0x2c /home/robert/gcc-arm-none-eabi-10.3-2021.07/bin/../lib/gcc/arm-none-eabi/10.3.1/../../../../arm-none-eabi/lib/thumb/v6-m/nofp/libc_nano.a(lib_a-makebuf.o)
 .ARM.attributes
                0x0000000000000568       0x2c /home/robert/gcc-arm-none-eabi-10.3-2021.07/bin/../lib/gcc/arm-none-eabi/10.3.1/../../../../arm-none-eabi/lib/thumb/v6-m/nofp/libc_nano.a(lib_a-malloc.o)
 .ARM.attributes
                0x0000000000000594       0x2c /home/robert/gcc-arm-none-eabi-10.3-2021.07/bin/../lib/gcc/arm-none-eabi/10.3.1/../../../../arm-none-eabi/lib/thumb/v6-m/nofp/libc_nano.a(lib_a-nano-freer.o)
 .ARM.attributes
                0x00000000000005c0       0x2c /home/robert/gcc-arm-none-eabi-10.3-2021.07/bin/../lib/gcc/arm-none-eabi/10.3.1/../../../../arm-none-eabi/lib/thumb/v6-m/nofp/libc_nano.a(lib_a-nano-mallocr.o)
 .ARM.attributes
                0x00000000000005ec       0x2c /home/robert/gcc-arm-none-eabi-10.3-2021.07/bin/../lib/gcc/arm-none-eabi/10.3.1/../../../../arm-none-eabi/lib/thumb/v6-m/nofp/libc_nano.a(lib_a-nano-vfprintf.o)
 .ARM.attributes
                0x0000000000000618       0x2c /home/robert/gcc-arm-none-eabi-10.3-2021.07/bin/../lib/gcc/arm-none-eabi/10.3.1/../../../../arm-none-eabi/lib/thumb/v6-m/nofp/libc_nano.a(lib_a-nano-vfprintf_i.o)
 .ARM.attributes
                0x0000000000000644       0x2c /home/robert/gcc-arm-none-eabi-10.3-2021.07/bin/../lib/gcc/arm-none-eabi/10.3.1/../../../../arm-none-eabi/lib/thumb/v6-m/nofp/libc_nano.a(lib_a-sbrkr.o)
 .ARM.attributes
                0x0000000000000670       0x2c /home/robert/gcc-arm-none-eabi-10.3-2021.07/bin/../lib/gcc/arm-none-eabi/10.3.1/../../../../arm-none-eabi/lib/thumb/v6-m/nofp/libc_nano.a(lib_a-stdio.o)
 .ARM.attributes
                0x000000000000069c       0x2c /home/robert/gcc-arm-none-eabi-10.3-2021.07/bin/../lib/gcc/arm-none-eabi/10.3.1/../../../../arm-none-eabi/lib/thumb/v6-m/nofp/libc_nano.a(lib_a-wbuf.o)
 .ARM.attributes
                0x00000000000006c8       0x2c /home/robert/gcc-arm-none-eabi-10.3-2021.07/bin/../lib/gcc/arm-none-eabi/10.3.1/../../../../arm-none-eabi/lib/thumb/v6-m/nofp/libc_nano.a(lib_a-writer.o)
 .ARM.attributes
                0x00000000000006f4       0x2c /home/robert/gcc-arm-none-eabi-10.3-2021.07/bin/../lib/gcc/arm-none-eabi/10.3.1/../../../../arm-none-eabi/lib/thumb/v6-m/nofp/libc_nano.a(lib_a-wsetup.o)
 .ARM.attributes
                0x0000000000000720       0x2c /home/robert/gcc-arm-none-eabi-10.3-2021.07/bin/../lib/gcc/arm-none-eabi/10.3.1/../../../../arm-none-eabi/lib/thumb/v6-m/nofp/libc_nano.a(lib_a-closer.o)
 .ARM.attributes
                0x000000000000074c       0x2c /home/robert/gcc-arm-none-eabi-10.3-2021.07/bin/../lib/gcc/arm-none-eabi/10.3.1/../../../../arm-none-eabi/lib/thumb/v6-m/nofp/libc_nano.a(lib_a-fstatr.o)
 .ARM.attributes
                0x0000000000000778       0x2c /home/robert/gcc-arm-none-eabi-10.3-2021.07/bin/../lib/gcc/arm-none-eabi/10.3.1/../../../../arm-none-eabi/lib/thumb/v6-m/nofp/libc_nano.a(lib_a-isattyr.o)
 .ARM.attributes
                0x00000000000007a4       0x2c /home/robert/gcc-arm-none-eabi-10.3-2021.07/bin/../lib/gcc/arm-none-eabi/10.3.1/../../../../arm-none-eabi/lib/thumb/v6-m/nofp/libc_nano.a(lib_a-lseekr.o)
 .ARM.attributes
                0x00000000000007d0       0x2c /home/robert/gcc-arm-none-eabi-10.3-2021.07/bin/../lib/gcc/arm-none-eabi/10.3.1/../../../../arm-none-eabi/lib/thumb/v6-m/nofp/libc_nano.a(lib_a-memchr-stub.o)
 .ARM.attributes
                0x00000000000007fc       0x2c /home/robert/gcc-arm-none-eabi-10.3-2021.07/bin/../lib/gcc/arm-none-eabi/10.3.1/../../../../arm-none-eabi/lib/thumb/v6-m/nofp/libc_nano.a(lib_a-mlock.o)
 .ARM.attributes
                0x0000000000000828       0x2c /home/robert/gcc-arm-none-eabi-10.3-2021.07/bin/../lib/gcc/arm-none-eabi/10.3.1/../../../../arm-none-eabi/lib/thumb/v6-m/nofp/libc_nano.a(lib_a-readr.o)
 .ARM.attributes
                0x0000000000000854       0x2c /home/robert/gcc-arm-none-eabi-10.3-2021.07/bin/../lib/gcc/arm-none-eabi/10.3.1/../../../../arm-none-eabi/lib/thumb/v6-m/nofp/libc_nano.a(lib_a-reent.o)
 .ARM.attributes
                0x0000000000000880       0x1e /home/robert/gcc-arm-none-eabi-10.3-2021.07/bin/../lib/gcc/arm-none-eabi/10.3.1/thumb/v6-m/nofp/libgcc.a(_thumb1_case_shi.o)
 .ARM.attributes
                0x000000000000089e       0x1e /home/robert/gcc-arm-none-eabi-10.3-2021.07/bin/../lib/gcc/arm-none-eabi/10.3.1/thumb/v6-m/nofp/libgcc.a(_udivsi3.o)
 .ARM.attributes
                0x00000000000008bc       0x1e /home/robert/gcc-arm-none-eabi-10.3-2021.07/bin/../lib/gcc/arm-none-eabi/10.3.1/thumb/v6-m/nofp/libgcc.a(_dvmd_tls.o)
 .ARM.attributes
                0x00000000000008da       0x2c /home/robert/gcc-arm-none-eabi-10.3-2021.07/bin/../lib/gcc/arm-none-eabi/10.3.1/thumb/v6-m/nofp/libgcc.a(addsf3.o)
 .ARM.attributes
                0x0000000000000906       0x2c /home/robert/gcc-arm-none-eabi-10.3-2021.07/bin/../lib/gcc/arm-none-eabi/10.3.1/thumb/v6-m/nofp/libgcc.a(mulsf3.o)
 .ARM.attributes
                0x0000000000000932       0x2c /home/robert/gcc-arm-none-eabi-10.3-2021.07/bin/../lib/gcc/arm-none-eabi/10.3.1/thumb/v6-m/nofp/libgcc.a(subsf3.o)
 .ARM.attributes
                0x000000000000095e       0x2c /home/robert/gcc-arm-none-eabi-10.3-2021.07/bin/../lib/gcc/arm-none-eabi/10.3.1/thumb/v6-m/nofp/libgcc.a(fixsfsi.o)
 .ARM.attributes
                0x000000000000098a       0x2c /home/robert/gcc-arm-none-eabi-10.3-2021.07/bin/../lib/gcc/arm-none-eabi/10.3.1/thumb/v6-m/nofp/libgcc.a(floatsisf.o)
 .ARM.attributes
                0x00000000000009b6       0x1e /home/robert/gcc-arm-none-eabi-10.3-2021.07/bin/../lib/gcc/arm-none-eabi/10.3.1/thumb/v6-m/nofp/libgcc.a(_clzsi2.o)
 .ARM.attributes
                0x00000000000009d4       0x1e /home/robert/gcc-arm-none-eabi-10.3-2021.07/bin/../lib/gcc/arm-none-eabi/10.3.1/thumb/v6-m/nofp/crtn.o
OUTPUT(build/hal.elf elf32-littlearm)
LOAD linker stubs
LOAD /home/robert/gcc-arm-none-eabi-10.3-2021.07/bin/../lib/gcc/arm-none-eabi/10.3.1/../../../../arm-none-eabi/lib/thumb/v6-m/nofp/libc.a
LOAD /home/robert/gcc-arm-none-eabi-10.3-2021.07/bin/../lib/gcc/arm-none-eabi/10.3.1/../../../../arm-none-eabi/lib/thumb/v6-m/nofp/libm.a
LOAD /home/robert/gcc-arm-none-eabi-10.3-2021.07/bin/../lib/gcc/arm-none-eabi/10.3.1/thumb/v6-m/nofp/libgcc.a

.debug_info     0x0000000000000000    0x1d73e
 .debug_info    0x0000000000000000     0x2f0b build/main.o
 .debug_info    0x0000000000002f0b     0x10d7 build/stm32g0xx_it.o
 .debug_info    0x0000000000003fe2     0x1e27 build/stm32g0xx_hal_msp.o
 .debug_info    0x0000000000005e09     0x178f build/syscalls.o
 .debug_info    0x0000000000007598     0x246a build/stm32g0xx_hal_adc.o
 .debug_info    0x0000000000009a02      0xb9e build/stm32g0xx_hal_adc_ex.o
 .debug_info    0x000000000000a5a0      0xe5f build/stm32g0xx_hal_rcc.o
 .debug_info    0x000000000000b3ff      0x99f build/stm32g0xx_hal_rcc_ex.o
 .debug_info    0x000000000000bd9e      0x6a1 build/stm32g0xx_hal_gpio.o
 .debug_info    0x000000000000c43f      0xb0e build/stm32g0xx_hal_dma.o
 .debug_info    0x000000000000cf4d      0x5c5 build/stm32g0xx_hal_pwr_ex.o
 .debug_info    0x000000000000d512      0xad2 build/stm32g0xx_hal_cortex.o
 .debug_info    0x000000000000dfe4      0xad2 build/stm32g0xx_hal.o
 .debug_info    0x000000000000eab6     0x2436 build/stm32g0xx_hal_spi.o
 .debug_info    0x0000000000010eec     0x40c5 build/stm32g0xx_hal_tim.o
 .debug_info    0x0000000000014fb1     0x203f build/stm32g0xx_hal_tim_ex.o
 .debug_info    0x0000000000016ff0     0x631c build/stm32g0xx_hal_uart.o
 .debug_info    0x000000000001d30c      0x410 build/system_stm32g0xx.o
 .debug_info    0x000000000001d71c       0x22 build/startup_stm32g030xx.o

.debug_abbrev   0x0000000000000000     0x2fab
 .debug_abbrev  0x0000000000000000      0x43c build/main.o
 .debug_abbrev  0x000000000000043c      0x1b2 build/stm32g0xx_it.o
 .debug_abbrev  0x00000000000005ee      0x243 build/stm32g0xx_hal_msp.o
 .debug_abbrev  0x0000000000000831      0x2f4 build/syscalls.o
 .debug_abbrev  0x0000000000000b25      0x339 build/stm32g0xx_hal_adc.o
 .debug_abbrev  0x0000000000000e5e      0x2f8 build/stm32g0xx_hal_adc_ex.o
 .debug_abbrev  0x0000000000001156      0x2d8 build/stm32g0xx_hal_rcc.o
 .debug_abbrev  0x000000000000142e      0x276 build/stm32g0xx_hal_rcc_ex.o
 .debug_abbrev  0x00000000000016a4      0x23f build/stm32g0xx_hal_gpio.o
 .debug_abbrev  0x00000000000018e3      0x245 build/stm32g0xx_hal_dma.o
 .debug_abbrev  0x0000000000001b28      0x218 build/stm32g0xx_hal_pwr_ex.o
 .debug_abbrev  0x0000000000001d40      0x2c6 build/stm32g0xx_hal_cortex.o
 .debug_abbrev  0x0000000000002006      0x2c1 build/stm32g0xx_hal.o
 .debug_abbrev  0x00000000000022c7      0x2b2 build/stm32g0xx_hal_spi.o
 .debug_abbrev  0x0000000000002579      0x2ae build/stm32g0xx_hal_tim.o
 .debug_abbrev  0x0000000000002827      0x2ac build/stm32g0xx_hal_tim_ex.o
 .debug_abbrev  0x0000000000002ad3      0x35c build/stm32g0xx_hal_uart.o
 .debug_abbrev  0x0000000000002e2f      0x16a build/system_stm32g0xx.o
 .debug_abbrev  0x0000000000002f99       0x12 build/startup_stm32g030xx.o

.debug_loc      0x0000000000000000    0x14e8c
 .debug_loc     0x0000000000000000      0x462 build/main.o
 .debug_loc     0x0000000000000462       0xc0 build/stm32g0xx_it.o
 .debug_loc     0x0000000000000522      0x3ed build/stm32g0xx_hal_msp.o
 .debug_loc     0x000000000000090f      0x4a6 build/syscalls.o
 .debug_loc     0x0000000000000db5     0x1b31 build/stm32g0xx_hal_adc.o
 .debug_loc     0x00000000000028e6      0x2ea build/stm32g0xx_hal_adc_ex.o
 .debug_loc     0x0000000000002bd0      0x77c build/stm32g0xx_hal_rcc.o
 .debug_loc     0x000000000000334c      0x7c5 build/stm32g0xx_hal_rcc_ex.o
 .debug_loc     0x0000000000003b11      0x425 build/stm32g0xx_hal_gpio.o
 .debug_loc     0x0000000000003f36      0xa9d build/stm32g0xx_hal_dma.o
 .debug_loc     0x00000000000049d3      0x320 build/stm32g0xx_hal_pwr_ex.o
 .debug_loc     0x0000000000004cf3      0x498 build/stm32g0xx_hal_cortex.o
 .debug_loc     0x000000000000518b      0x25d build/stm32g0xx_hal.o
 .debug_loc     0x00000000000053e8     0x2612 build/stm32g0xx_hal_spi.o
 .debug_loc     0x00000000000079fa     0x5b01 build/stm32g0xx_hal_tim.o
 .debug_loc     0x000000000000d4fb     0x2baf build/stm32g0xx_hal_tim_ex.o
 .debug_loc     0x00000000000100aa     0x4d19 build/stm32g0xx_hal_uart.o
 .debug_loc     0x0000000000014dc3       0xc9 build/system_stm32g0xx.o

.debug_aranges  0x0000000000000000     0x10b0
 .debug_aranges
                0x0000000000000000       0x60 build/main.o
 .debug_aranges
                0x0000000000000060       0x68 build/stm32g0xx_it.o
 .debug_aranges
                0x00000000000000c8       0x68 build/stm32g0xx_hal_msp.o
 .debug_aranges
                0x0000000000000130       0x58 build/syscalls.o
 .debug_aranges
                0x0000000000000188       0xf8 build/stm32g0xx_hal_adc.o
 .debug_aranges
                0x0000000000000280       0x58 build/stm32g0xx_hal_adc_ex.o
 .debug_aranges
                0x00000000000002d8       0x98 build/stm32g0xx_hal_rcc.o
 .debug_aranges
                0x0000000000000370       0x40 build/stm32g0xx_hal_rcc_ex.o
 .debug_aranges
                0x00000000000003b0       0x60 build/stm32g0xx_hal_gpio.o
 .debug_aranges
                0x0000000000000410       0x90 build/stm32g0xx_hal_dma.o
 .debug_aranges
                0x00000000000004a0       0x98 build/stm32g0xx_hal_pwr_ex.o
 .debug_aranges
                0x0000000000000538       0x90 build/stm32g0xx_hal_cortex.o
 .debug_aranges
                0x00000000000005c8      0x100 build/stm32g0xx_hal.o
 .debug_aranges
                0x00000000000006c8      0x1d8 build/stm32g0xx_hal_spi.o
 .debug_aranges
                0x00000000000008a0      0x3e0 build/stm32g0xx_hal_tim.o
 .debug_aranges
                0x0000000000000c80      0x198 build/stm32g0xx_hal_tim_ex.o
 .debug_aranges
                0x0000000000000e18      0x248 build/stm32g0xx_hal_uart.o
 .debug_aranges
                0x0000000000001060       0x28 build/system_stm32g0xx.o
 .debug_aranges
                0x0000000000001088       0x28 build/startup_stm32g030xx.o

.debug_ranges   0x0000000000000000     0x1140
 .debug_ranges  0x0000000000000000       0xe0 build/main.o
 .debug_ranges  0x00000000000000e0       0x58 build/stm32g0xx_it.o
 .debug_ranges  0x0000000000000138       0x58 build/stm32g0xx_hal_msp.o
 .debug_ranges  0x0000000000000190       0x48 build/syscalls.o
 .debug_ranges  0x00000000000001d8      0x178 build/stm32g0xx_hal_adc.o
 .debug_ranges  0x0000000000000350       0x48 build/stm32g0xx_hal_adc_ex.o
 .debug_ranges  0x0000000000000398       0xa8 build/stm32g0xx_hal_rcc.o
 .debug_ranges  0x0000000000000440       0x48 build/stm32g0xx_hal_rcc_ex.o
 .debug_ranges  0x0000000000000488       0x50 build/stm32g0xx_hal_gpio.o
 .debug_ranges  0x00000000000004d8       0x80 build/stm32g0xx_hal_dma.o
 .debug_ranges  0x0000000000000558       0x88 build/stm32g0xx_hal_pwr_ex.o
 .debug_ranges  0x00000000000005e0       0xe0 build/stm32g0xx_hal_cortex.o
 .debug_ranges  0x00000000000006c0       0xf0 build/stm32g0xx_hal.o
 .debug_ranges  0x00000000000007b0      0x1c8 build/stm32g0xx_hal_spi.o
 .debug_ranges  0x0000000000000978      0x3d0 build/stm32g0xx_hal_tim.o
 .debug_ranges  0x0000000000000d48      0x188 build/stm32g0xx_hal_tim_ex.o
 .debug_ranges  0x0000000000000ed0      0x238 build/stm32g0xx_hal_uart.o
 .debug_ranges  0x0000000000001108       0x18 build/system_stm32g0xx.o
 .debug_ranges  0x0000000000001120       0x20 build/startup_stm32g030xx.o

.debug_line     0x0000000000000000    0x140df
 .debug_line    0x0000000000000000      0xbe6 build/main.o
 .debug_line    0x0000000000000be6      0x2fc build/stm32g0xx_it.o
 .debug_line    0x0000000000000ee2      0x63f build/stm32g0xx_hal_msp.o
 .debug_line    0x0000000000001521      0x47a build/syscalls.o
 .debug_line    0x000000000000199b     0x1868 build/stm32g0xx_hal_adc.o
 .debug_line    0x0000000000003203      0x468 build/stm32g0xx_hal_adc_ex.o
 .debug_line    0x000000000000366b      0xcb3 build/stm32g0xx_hal_rcc.o
 .debug_line    0x000000000000431e      0x6dd build/stm32g0xx_hal_rcc_ex.o
 .debug_line    0x00000000000049fb      0x661 build/stm32g0xx_hal_gpio.o
 .debug_line    0x000000000000505c      0xaf9 build/stm32g0xx_hal_dma.o
 .debug_line    0x0000000000005b55      0x583 build/stm32g0xx_hal_pwr_ex.o
 .debug_line    0x00000000000060d8      0x645 build/stm32g0xx_hal_cortex.o
 .debug_line    0x000000000000671d      0x5bb build/stm32g0xx_hal.o
 .debug_line    0x0000000000006cd8     0x25dd build/stm32g0xx_hal_spi.o
 .debug_line    0x00000000000092b5     0x4a8b build/stm32g0xx_hal_tim.o
 .debug_line    0x000000000000dd40     0x1c62 build/stm32g0xx_hal_tim_ex.o
 .debug_line    0x000000000000f9a2     0x4434 build/stm32g0xx_hal_uart.o
 .debug_line    0x0000000000013dd6      0x292 build/system_stm32g0xx.o
 .debug_line    0x0000000000014068       0x77 build/startup_stm32g030xx.o

.debug_str      0x0000000000000000     0x5d06
 .debug_str     0x0000000000000000     0x1b13 build/main.o
                                       0x1fb9 (size before relaxing)
 .debug_str     0x0000000000001b13      0x108 build/stm32g0xx_it.o
                                        0xf21 (size before relaxing)
 .debug_str     0x0000000000001c1b      0x2ab build/stm32g0xx_hal_msp.o
                                       0x144e (size before relaxing)
 .debug_str     0x0000000000001ec6      0x51e build/syscalls.o
                                        0xe66 (size before relaxing)
 .debug_str     0x00000000000023e4      0x7c9 build/stm32g0xx_hal_adc.o
                                       0x111f (size before relaxing)
 .debug_str     0x0000000000002bad      0x129 build/stm32g0xx_hal_adc_ex.o
                                        0xa7c (size before relaxing)
 .debug_str     0x0000000000002cd6      0x2bf build/stm32g0xx_hal_rcc.o
                                        0x842 (size before relaxing)
 .debug_str     0x0000000000002f95      0x113 build/stm32g0xx_hal_rcc_ex.o
                                        0x665 (size before relaxing)
 .debug_str     0x00000000000030a8      0x117 build/stm32g0xx_hal_gpio.o
                                        0x488 (size before relaxing)
 .debug_str     0x00000000000031bf      0x29e build/stm32g0xx_hal_dma.o
                                        0x8dc (size before relaxing)
 .debug_str     0x000000000000345d      0x243 build/stm32g0xx_hal_pwr_ex.o
                                        0x540 (size before relaxing)
 .debug_str     0x00000000000036a0      0x340 build/stm32g0xx_hal_cortex.o
                                        0x779 (size before relaxing)
 .debug_str     0x00000000000039e0      0x2a8 build/stm32g0xx_hal.o
                                        0x8e9 (size before relaxing)
 .debug_str     0x0000000000003c88      0x527 build/stm32g0xx_hal_spi.o
                                        0xe0a (size before relaxing)
 .debug_str     0x00000000000041af      0xd61 build/stm32g0xx_hal_tim.o
                                       0x1a4f (size before relaxing)
 .debug_str     0x0000000000004f10      0x56e build/stm32g0xx_hal_tim_ex.o
                                       0x1393 (size before relaxing)
 .debug_str     0x000000000000547e      0x827 build/stm32g0xx_hal_uart.o
                                       0x1322 (size before relaxing)
 .debug_str     0x0000000000005ca5       0x3d build/system_stm32g0xx.o
                                        0x3a6 (size before relaxing)
 .debug_str     0x0000000000005ce2       0x24 build/startup_stm32g030xx.o
                                         0x56 (size before relaxing)

.comment        0x0000000000000000       0x49
 .comment       0x0000000000000000       0x49 build/main.o
                                         0x4a (size before relaxing)
 .comment       0x0000000000000049       0x4a build/stm32g0xx_it.o
 .comment       0x0000000000000049       0x4a build/stm32g0xx_hal_msp.o
 .comment       0x0000000000000049       0x4a build/syscalls.o
 .comment       0x0000000000000049       0x4a build/stm32g0xx_hal_adc.o
 .comment       0x0000000000000049       0x4a build/stm32g0xx_hal_adc_ex.o
 .comment       0x0000000000000049       0x4a build/stm32g0xx_hal_rcc.o
 .comment       0x0000000000000049       0x4a build/stm32g0xx_hal_rcc_ex.o
 .comment       0x0000000000000049       0x4a build/stm32g0xx_hal_gpio.o
 .comment       0x0000000000000049       0x4a build/stm32g0xx_hal_dma.o
 .comment       0x0000000000000049       0x4a build/stm32g0xx_hal_pwr_ex.o
 .comment       0x0000000000000049       0x4a build/stm32g0xx_hal_cortex.o
 .comment       0x0000000000000049       0x4a build/stm32g0xx_hal.o
 .comment       0x0000000000000049       0x4a build/stm32g0xx_hal_spi.o
 .comment       0x0000000000000049       0x4a build/stm32g0xx_hal_tim.o
 .comment       0x0000000000000049       0x4a build/stm32g0xx_hal_tim_ex.o
 .comment       0x0000000000000049       0x4a build/stm32g0xx_hal_uart.o
 .comment       0x0000000000000049       0x4a build/system_stm32g0xx.o

.debug_frame    0x0000000000000000     0x3610
 .debug_frame   0x0000000000000000       0xfc build/main.o
 .debug_frame   0x00000000000000fc       0xe0 build/stm32g0xx_it.o
 .debug_frame   0x00000000000001dc      0x114 build/stm32g0xx_hal_msp.o
 .debug_frame   0x00000000000002f0       0xd0 build/syscalls.o
 .debug_frame   0x00000000000003c0      0x2ac build/stm32g0xx_hal_adc.o
 .debug_frame   0x000000000000066c       0xa8 build/stm32g0xx_hal_adc_ex.o
 .debug_frame   0x0000000000000714      0x16c build/stm32g0xx_hal_rcc.o
 .debug_frame   0x0000000000000880       0x90 build/stm32g0xx_hal_rcc_ex.o
 .debug_frame   0x0000000000000910       0xd0 build/stm32g0xx_hal_gpio.o
 .debug_frame   0x00000000000009e0      0x188 build/stm32g0xx_hal_dma.o
 .debug_frame   0x0000000000000b68      0x120 build/stm32g0xx_hal_pwr_ex.o
 .debug_frame   0x0000000000000c88      0x114 build/stm32g0xx_hal_cortex.o
 .debug_frame   0x0000000000000d9c      0x20c build/stm32g0xx_hal.o
 .debug_frame   0x0000000000000fa8      0x5a4 build/stm32g0xx_hal_spi.o
 .debug_frame   0x000000000000154c      0xb18 build/stm32g0xx_hal_tim.o
 .debug_frame   0x0000000000002064      0x4c0 build/stm32g0xx_hal_tim_ex.o
 .debug_frame   0x0000000000002524      0x6f4 build/stm32g0xx_hal_uart.o
 .debug_frame   0x0000000000002c18       0x38 build/system_stm32g0xx.o
 .debug_frame   0x0000000000002c50       0x20 /home/robert/gcc-arm-none-eabi-10.3-2021.07/bin/../lib/gcc/arm-none-eabi/10.3.1/../../../../arm-none-eabi/lib/thumb/v6-m/nofp/libc_nano.a(lib_a-errno.o)
 .debug_frame   0x0000000000002c70       0x2c /home/robert/gcc-arm-none-eabi-10.3-2021.07/bin/../lib/gcc/arm-none-eabi/10.3.1/../../../../arm-none-eabi/lib/thumb/v6-m/nofp/libc_nano.a(lib_a-init.o)
 .debug_frame   0x0000000000002c9c       0x20 /home/robert/gcc-arm-none-eabi-10.3-2021.07/bin/../lib/gcc/arm-none-eabi/10.3.1/../../../../arm-none-eabi/lib/thumb/v6-m/nofp/libc_nano.a(lib_a-memset.o)
 .debug_frame   0x0000000000002cbc       0x50 /home/robert/gcc-arm-none-eabi-10.3-2021.07/bin/../lib/gcc/arm-none-eabi/10.3.1/../../../../arm-none-eabi/lib/thumb/v6-m/nofp/libc_nano.a(lib_a-printf.o)
 .debug_frame   0x0000000000002d0c       0x30 /home/robert/gcc-arm-none-eabi-10.3-2021.07/bin/../lib/gcc/arm-none-eabi/10.3.1/../../../../arm-none-eabi/lib/thumb/v6-m/nofp/libc_nano.a(lib_a-setvbuf.o)
 .debug_frame   0x0000000000002d3c       0x68 /home/robert/gcc-arm-none-eabi-10.3-2021.07/bin/../lib/gcc/arm-none-eabi/10.3.1/../../../../arm-none-eabi/lib/thumb/v6-m/nofp/libc_nano.a(lib_a-fflush.o)
 .debug_frame   0x0000000000002da4      0x170 /home/robert/gcc-arm-none-eabi-10.3-2021.07/bin/../lib/gcc/arm-none-eabi/10.3.1/../../../../arm-none-eabi/lib/thumb/v6-m/nofp/libc_nano.a(lib_a-findfp.o)
 .debug_frame   0x0000000000002f14       0x58 /home/robert/gcc-arm-none-eabi-10.3-2021.07/bin/../lib/gcc/arm-none-eabi/10.3.1/../../../../arm-none-eabi/lib/thumb/v6-m/nofp/libc_nano.a(lib_a-fwalk.o)
 .debug_frame   0x0000000000002f6c       0xb0 /home/robert/gcc-arm-none-eabi-10.3-2021.07/bin/../lib/gcc/arm-none-eabi/10.3.1/../../../../arm-none-eabi/lib/thumb/v6-m/nofp/libc_nano.a(lib_a-lock.o)
 .debug_frame   0x000000000000301c       0x54 /home/robert/gcc-arm-none-eabi-10.3-2021.07/bin/../lib/gcc/arm-none-eabi/10.3.1/../../../../arm-none-eabi/lib/thumb/v6-m/nofp/libc_nano.a(lib_a-makebuf.o)
 .debug_frame   0x0000000000003070       0x40 /home/robert/gcc-arm-none-eabi-10.3-2021.07/bin/../lib/gcc/arm-none-eabi/10.3.1/../../../../arm-none-eabi/lib/thumb/v6-m/nofp/libc_nano.a(lib_a-malloc.o)
 .debug_frame   0x00000000000030b0       0x2c /home/robert/gcc-arm-none-eabi-10.3-2021.07/bin/../lib/gcc/arm-none-eabi/10.3.1/../../../../arm-none-eabi/lib/thumb/v6-m/nofp/libc_nano.a(lib_a-nano-freer.o)
 .debug_frame   0x00000000000030dc       0x50 /home/robert/gcc-arm-none-eabi-10.3-2021.07/bin/../lib/gcc/arm-none-eabi/10.3.1/../../../../arm-none-eabi/lib/thumb/v6-m/nofp/libc_nano.a(lib_a-nano-mallocr.o)
 .debug_frame   0x000000000000312c       0x9c /home/robert/gcc-arm-none-eabi-10.3-2021.07/bin/../lib/gcc/arm-none-eabi/10.3.1/../../../../arm-none-eabi/lib/thumb/v6-m/nofp/libc_nano.a(lib_a-nano-vfprintf.o)
 .debug_frame   0x00000000000031c8       0x54 /home/robert/gcc-arm-none-eabi-10.3-2021.07/bin/../lib/gcc/arm-none-eabi/10.3.1/../../../../arm-none-eabi/lib/thumb/v6-m/nofp/libc_nano.a(lib_a-nano-vfprintf_i.o)
 .debug_frame   0x000000000000321c       0x2c /home/robert/gcc-arm-none-eabi-10.3-2021.07/bin/../lib/gcc/arm-none-eabi/10.3.1/../../../../arm-none-eabi/lib/thumb/v6-m/nofp/libc_nano.a(lib_a-sbrkr.o)
 .debug_frame   0x0000000000003248       0x90 /home/robert/gcc-arm-none-eabi-10.3-2021.07/bin/../lib/gcc/arm-none-eabi/10.3.1/../../../../arm-none-eabi/lib/thumb/v6-m/nofp/libc_nano.a(lib_a-stdio.o)
 .debug_frame   0x00000000000032d8       0x48 /home/robert/gcc-arm-none-eabi-10.3-2021.07/bin/../lib/gcc/arm-none-eabi/10.3.1/../../../../arm-none-eabi/lib/thumb/v6-m/nofp/libc_nano.a(lib_a-wbuf.o)
 .debug_frame   0x0000000000003320       0x2c /home/robert/gcc-arm-none-eabi-10.3-2021.07/bin/../lib/gcc/arm-none-eabi/10.3.1/../../../../arm-none-eabi/lib/thumb/v6-m/nofp/libc_nano.a(lib_a-writer.o)
 .debug_frame   0x000000000000334c       0x2c /home/robert/gcc-arm-none-eabi-10.3-2021.07/bin/../lib/gcc/arm-none-eabi/10.3.1/../../../../arm-none-eabi/lib/thumb/v6-m/nofp/libc_nano.a(lib_a-wsetup.o)
 .debug_frame   0x0000000000003378       0x2c /home/robert/gcc-arm-none-eabi-10.3-2021.07/bin/../lib/gcc/arm-none-eabi/10.3.1/../../../../arm-none-eabi/lib/thumb/v6-m/nofp/libc_nano.a(lib_a-closer.o)
 .debug_frame   0x00000000000033a4       0x2c /home/robert/gcc-arm-none-eabi-10.3-2021.07/bin/../lib/gcc/arm-none-eabi/10.3.1/../../../../arm-none-eabi/lib/thumb/v6-m/nofp/libc_nano.a(lib_a-fstatr.o)
 .debug_frame   0x00000000000033d0       0x2c /home/robert/gcc-arm-none-eabi-10.3-2021.07/bin/../lib/gcc/arm-none-eabi/10.3.1/../../../../arm-none-eabi/lib/thumb/v6-m/nofp/libc_nano.a(lib_a-isattyr.o)
 .debug_frame   0x00000000000033fc       0x2c /home/robert/gcc-arm-none-eabi-10.3-2021.07/bin/../lib/gcc/arm-none-eabi/10.3.1/../../../../arm-none-eabi/lib/thumb/v6-m/nofp/libc_nano.a(lib_a-lseekr.o)
 .debug_frame   0x0000000000003428       0x20 /home/robert/gcc-arm-none-eabi-10.3-2021.07/bin/../lib/gcc/arm-none-eabi/10.3.1/../../../../arm-none-eabi/lib/thumb/v6-m/nofp/libc_nano.a(lib_a-memchr-stub.o)
 .debug_frame   0x0000000000003448       0x40 /home/robert/gcc-arm-none-eabi-10.3-2021.07/bin/../lib/gcc/arm-none-eabi/10.3.1/../../../../arm-none-eabi/lib/thumb/v6-m/nofp/libc_nano.a(lib_a-mlock.o)
 .debug_frame   0x0000000000003488       0x2c /home/robert/gcc-arm-none-eabi-10.3-2021.07/bin/../lib/gcc/arm-none-eabi/10.3.1/../../../../arm-none-eabi/lib/thumb/v6-m/nofp/libc_nano.a(lib_a-readr.o)
 .debug_frame   0x00000000000034b4       0x48 /home/robert/gcc-arm-none-eabi-10.3-2021.07/bin/../lib/gcc/arm-none-eabi/10.3.1/../../../../arm-none-eabi/lib/thumb/v6-m/nofp/libc_nano.a(lib_a-reent.o)
 .debug_frame   0x00000000000034fc       0x20 /home/robert/gcc-arm-none-eabi-10.3-2021.07/bin/../lib/gcc/arm-none-eabi/10.3.1/thumb/v6-m/nofp/libgcc.a(_udivsi3.o)
 .debug_frame   0x000000000000351c       0x34 /home/robert/gcc-arm-none-eabi-10.3-2021.07/bin/../lib/gcc/arm-none-eabi/10.3.1/thumb/v6-m/nofp/libgcc.a(addsf3.o)
 .debug_frame   0x0000000000003550       0x38 /home/robert/gcc-arm-none-eabi-10.3-2021.07/bin/../lib/gcc/arm-none-eabi/10.3.1/thumb/v6-m/nofp/libgcc.a(mulsf3.o)
 .debug_frame   0x0000000000003588       0x38 /home/robert/gcc-arm-none-eabi-10.3-2021.07/bin/../lib/gcc/arm-none-eabi/10.3.1/thumb/v6-m/nofp/libgcc.a(subsf3.o)
 .debug_frame   0x00000000000035c0       0x20 /home/robert/gcc-arm-none-eabi-10.3-2021.07/bin/../lib/gcc/arm-none-eabi/10.3.1/thumb/v6-m/nofp/libgcc.a(fixsfsi.o)
 .debug_frame   0x00000000000035e0       0x30 /home/robert/gcc-arm-none-eabi-10.3-2021.07/bin/../lib/gcc/arm-none-eabi/10.3.1/thumb/v6-m/nofp/libgcc.a(floatsisf.o)

Cross Reference Table

Symbol                                            File
ADC1_IRQHandler                                   build/stm32g0xx_it.o
ADC_ConversionStop                                build/stm32g0xx_hal_adc.o
ADC_Disable                                       build/stm32g0xx_hal_adc.o
                                                  build/stm32g0xx_hal_adc_ex.o
ADC_Enable                                        build/stm32g0xx_hal_adc.o
AHBPrescTable                                     build/system_stm32g0xx.o
                                                  build/stm32g0xx_hal_rcc.o
APBPrescTable                                     build/system_stm32g0xx.o
                                                  build/stm32g0xx_hal_rcc.o
DMA1_Ch4_5_DMAMUX1_OVR_IRQHandler                 build/startup_stm32g030xx.o
DMA1_Channel1_IRQHandler                          build/startup_stm32g030xx.o
DMA1_Channel2_3_IRQHandler                        build/startup_stm32g030xx.o
Default_Handler                                   build/startup_stm32g030xx.o
EXTI0_1_IRQHandler                                build/startup_stm32g030xx.o
EXTI2_3_IRQHandler                                build/startup_stm32g030xx.o
EXTI4_15_IRQHandler                               build/startup_stm32g030xx.o
Error_Handler                                     build/main.o
FLASH_FlushCaches()                               build/stm32g0xx_hal_flash_ex.o
FLASH_IRQHandler                                  build/startup_stm32g030xx.o
FLASH_PageErase                                   build/stm32g0xx_hal_flash_ex.o
                                                  build/stm32g0xx_hal_flash.o
FLASH_WaitForLastOperation                        build/stm32g0xx_hal_flash.o
                                                  build/stm32g0xx_hal_flash_ex.o
HAL_ADCEx_Calibration_GetValue                    build/stm32g0xx_hal_adc_ex.o
HAL_ADCEx_Calibration_SetValue                    build/stm32g0xx_hal_adc_ex.o
HAL_ADCEx_Calibration_Start                       build/stm32g0xx_hal_adc_ex.o
HAL_ADCEx_ChannelConfigReadyCallback              build/stm32g0xx_hal_adc_ex.o
                                                  build/stm32g0xx_hal_adc.o
HAL_ADCEx_DisableVoltageRegulator                 build/stm32g0xx_hal_adc_ex.o
HAL_ADCEx_EndOfSamplingCallback                   build/stm32g0xx_hal_adc_ex.o
                                                  build/stm32g0xx_hal_adc.o
HAL_ADCEx_LevelOutOfWindow2Callback               build/stm32g0xx_hal_adc_ex.o
                                                  build/stm32g0xx_hal_adc.o
HAL_ADCEx_LevelOutOfWindow3Callback               build/stm32g0xx_hal_adc_ex.o
                                                  build/stm32g0xx_hal_adc.o
HAL_ADC_AnalogWDGConfig                           build/stm32g0xx_hal_adc.o
HAL_ADC_ConfigChannel                             build/stm32g0xx_hal_adc.o
                                                  build/main.o
HAL_ADC_ConvCpltCallback                          build/stm32g0xx_hal_adc.o
HAL_ADC_ConvHalfCpltCallback                      build/stm32g0xx_hal_adc.o
HAL_ADC_DeInit                                    build/stm32g0xx_hal_adc.o
HAL_ADC_ErrorCallback                             build/stm32g0xx_hal_adc.o
HAL_ADC_GetError                                  build/stm32g0xx_hal_adc.o
HAL_ADC_GetState                                  build/stm32g0xx_hal_adc.o
HAL_ADC_GetValue                                  build/stm32g0xx_hal_adc.o
HAL_ADC_IRQHandler                                build/stm32g0xx_hal_adc.o
                                                  build/stm32g0xx_it.o
HAL_ADC_Init                                      build/stm32g0xx_hal_adc.o
                                                  build/main.o
HAL_ADC_LevelOutOfWindowCallback                  build/stm32g0xx_hal_adc.o
HAL_ADC_MspDeInit                                 build/stm32g0xx_hal_msp.o
HAL_ADC_MspInit                                   build/stm32g0xx_hal_msp.o
HAL_ADC_PollForConversion                         build/stm32g0xx_hal_adc.o
HAL_ADC_PollForEvent                              build/stm32g0xx_hal_adc.o
HAL_ADC_Start                                     build/stm32g0xx_hal_adc.o
HAL_ADC_Start_DMA                                 build/stm32g0xx_hal_adc.o
HAL_ADC_Start_IT                                  build/stm32g0xx_hal_adc.o
HAL_ADC_Stop                                      build/stm32g0xx_hal_adc.o
HAL_ADC_Stop_DMA                                  build/stm32g0xx_hal_adc.o
HAL_ADC_Stop_IT                                   build/stm32g0xx_hal_adc.o
HAL_DBGMCU_DisableDBGStandbyMode                  build/stm32g0xx_hal.o
HAL_DBGMCU_DisableDBGStopMode                     build/stm32g0xx_hal.o
HAL_DBGMCU_EnableDBGStandbyMode                   build/stm32g0xx_hal.o
HAL_DBGMCU_EnableDBGStopMode                      build/stm32g0xx_hal.o
HAL_DMAEx_ConfigMuxRequestGenerator               build/stm32g0xx_hal_dma_ex.o
HAL_DMAEx_ConfigMuxSync                           build/stm32g0xx_hal_dma_ex.o
HAL_DMAEx_DisableMuxRequestGenerator              build/stm32g0xx_hal_dma_ex.o
HAL_DMAEx_EnableMuxRequestGenerator               build/stm32g0xx_hal_dma_ex.o
HAL_DMAEx_MUX_IRQHandler                          build/stm32g0xx_hal_dma_ex.o
HAL_DMA_Abort                                     build/stm32g0xx_hal_dma.o
                                                  build/stm32g0xx_hal_uart.o
                                                  build/stm32g0xx_hal_spi.o
                                                  build/stm32g0xx_hal_adc.o
HAL_DMA_Abort_IT                                  build/stm32g0xx_hal_dma.o
                                                  build/stm32g0xx_hal_uart.o
                                                  build/stm32g0xx_hal_tim_ex.o
                                                  build/stm32g0xx_hal_tim.o
                                                  build/stm32g0xx_hal_spi.o
HAL_DMA_DeInit                                    build/stm32g0xx_hal_dma.o
HAL_DMA_GetError                                  build/stm32g0xx_hal_dma.o
                                                  build/stm32g0xx_hal_uart.o
HAL_DMA_GetState                                  build/stm32g0xx_hal_dma.o
HAL_DMA_IRQHandler                                build/stm32g0xx_hal_dma.o
HAL_DMA_Init                                      build/stm32g0xx_hal_dma.o
HAL_DMA_PollForTransfer                           build/stm32g0xx_hal_dma.o
HAL_DMA_RegisterCallback                          build/stm32g0xx_hal_dma.o
HAL_DMA_Start                                     build/stm32g0xx_hal_dma.o
HAL_DMA_Start_IT                                  build/stm32g0xx_hal_dma.o
                                                  build/stm32g0xx_hal_uart.o
                                                  build/stm32g0xx_hal_tim_ex.o
                                                  build/stm32g0xx_hal_tim.o
                                                  build/stm32g0xx_hal_spi.o
                                                  build/stm32g0xx_hal_adc.o
HAL_DMA_UnRegisterCallback                        build/stm32g0xx_hal_dma.o
HAL_DeInit                                        build/stm32g0xx_hal.o
HAL_Delay                                         build/stm32g0xx_hal.o
                                                  build/main.o
HAL_EXTI_ClearConfigLine                          build/stm32g0xx_hal_exti.o
HAL_EXTI_ClearPending                             build/stm32g0xx_hal_exti.o
HAL_EXTI_GenerateSWI                              build/stm32g0xx_hal_exti.o
HAL_EXTI_GetConfigLine                            build/stm32g0xx_hal_exti.o
HAL_EXTI_GetHandle                                build/stm32g0xx_hal_exti.o
HAL_EXTI_GetPending                               build/stm32g0xx_hal_exti.o
HAL_EXTI_IRQHandler                               build/stm32g0xx_hal_exti.o
HAL_EXTI_RegisterCallback                         build/stm32g0xx_hal_exti.o
HAL_EXTI_SetConfigLine                            build/stm32g0xx_hal_exti.o
HAL_FLASHEx_Erase                                 build/stm32g0xx_hal_flash_ex.o
HAL_FLASHEx_Erase_IT                              build/stm32g0xx_hal_flash_ex.o
HAL_FLASHEx_FlashEmptyCheck                       build/stm32g0xx_hal_flash_ex.o
HAL_FLASHEx_ForceFlashEmpty                       build/stm32g0xx_hal_flash_ex.o
HAL_FLASHEx_OBGetConfig                           build/stm32g0xx_hal_flash_ex.o
HAL_FLASHEx_OBProgram                             build/stm32g0xx_hal_flash_ex.o
HAL_FLASH_EndOfOperationCallback                  build/stm32g0xx_hal_flash.o
HAL_FLASH_GetError                                build/stm32g0xx_hal_flash.o
HAL_FLASH_IRQHandler                              build/stm32g0xx_hal_flash.o
HAL_FLASH_Lock                                    build/stm32g0xx_hal_flash.o
HAL_FLASH_OB_Launch                               build/stm32g0xx_hal_flash.o
HAL_FLASH_OB_Lock                                 build/stm32g0xx_hal_flash.o
HAL_FLASH_OB_Unlock                               build/stm32g0xx_hal_flash.o
HAL_FLASH_OperationErrorCallback                  build/stm32g0xx_hal_flash.o
HAL_FLASH_Program                                 build/stm32g0xx_hal_flash.o
HAL_FLASH_Program_IT                              build/stm32g0xx_hal_flash.o
HAL_FLASH_Unlock                                  build/stm32g0xx_hal_flash.o
HAL_GPIO_DeInit                                   build/stm32g0xx_hal_gpio.o
                                                  build/stm32g0xx_hal_msp.o
HAL_GPIO_EXTI_Falling_Callback                    build/stm32g0xx_hal_gpio.o
HAL_GPIO_EXTI_IRQHandler                          build/stm32g0xx_hal_gpio.o
HAL_GPIO_EXTI_Rising_Callback                     build/stm32g0xx_hal_gpio.o
HAL_GPIO_Init                                     build/stm32g0xx_hal_gpio.o
                                                  build/stm32g0xx_hal_rcc_ex.o
                                                  build/stm32g0xx_hal_rcc.o
                                                  build/stm32g0xx_hal_msp.o
                                                  build/main.o
HAL_GPIO_LockPin                                  build/stm32g0xx_hal_gpio.o
HAL_GPIO_ReadPin                                  build/stm32g0xx_hal_gpio.o
HAL_GPIO_TogglePin                                build/stm32g0xx_hal_gpio.o
                                                  build/main.o
HAL_GPIO_WritePin                                 build/stm32g0xx_hal_gpio.o
                                                  build/main.o
HAL_GetDEVID                                      build/stm32g0xx_hal.o
HAL_GetHalVersion                                 build/stm32g0xx_hal.o
HAL_GetREVID                                      build/stm32g0xx_hal.o
HAL_GetTick                                       build/stm32g0xx_hal.o
                                                  build/stm32g0xx_hal_uart_ex.o
                                                  build/stm32g0xx_hal_uart.o
                                                  build/stm32g0xx_hal_tim_ex.o
                                                  build/stm32g0xx_hal_spi.o
                                                  build/stm32g0xx_hal_dma.o
                                                  build/stm32g0xx_hal_flash.o
                                                  build/stm32g0xx_hal_rcc_ex.o
                                                  build/stm32g0xx_hal_rcc.o
                                                  build/stm32g0xx_hal_adc.o
HAL_GetTickFreq                                   build/stm32g0xx_hal.o
HAL_GetTickPrio                                   build/stm32g0xx_hal.o
HAL_GetUIDw0                                      build/stm32g0xx_hal.o
HAL_GetUIDw1                                      build/stm32g0xx_hal.o
HAL_GetUIDw2                                      build/stm32g0xx_hal.o
HAL_HalfDuplex_EnableReceiver                     build/stm32g0xx_hal_uart.o
HAL_HalfDuplex_EnableTransmitter                  build/stm32g0xx_hal_uart.o
HAL_HalfDuplex_Init                               build/stm32g0xx_hal_uart.o
HAL_IncTick                                       build/stm32g0xx_hal.o
                                                  build/stm32g0xx_it.o
HAL_Init                                          build/stm32g0xx_hal.o
                                                  build/main.o
HAL_InitTick                                      build/stm32g0xx_hal.o
                                                  build/stm32g0xx_hal_rcc.o
HAL_LIN_Init                                      build/stm32g0xx_hal_uart.o
HAL_LIN_SendBreak                                 build/stm32g0xx_hal_uart.o
HAL_MPU_ConfigRegion                              build/stm32g0xx_hal_cortex.o
HAL_MPU_Disable                                   build/stm32g0xx_hal_cortex.o
HAL_MPU_Enable                                    build/stm32g0xx_hal_cortex.o
HAL_MspDeInit                                     build/stm32g0xx_hal.o